[2024-12-27 05:53:12] [INFO] [BHExecutionNode] Init Storager from config, storage_path: /root/zkml_test/BHExecutionNode/meta
[2024-12-27 05:53:12] [INFO] [BHExecutionNode] BHExecutionNode load config...
[2024-12-27 05:53:12] [INFO] [BHExecutionNode] BHExecution Node Start...
[2024-12-27 05:53:12] [WARNING] [BHExecutionNode] 127.0.0.1:1235 can not ping,try again!
[2024-12-27 05:56:03] [INFO] [BHExecutionNode] Init Processor with model ctgan from /root/zkml_test/BHExecutionNode/model
[2024-12-27 05:56:10] [INFO] [BHExecutionNode] Model successfully loaded from: /root/zkml_test/BHExecutionNode/model/ctgan/test
[2024-12-27 05:56:11] [INFO] [BHExecutionNode] CTGAN_Model_Instance generated output, size: 10
[2024-12-27 05:56:11] [EXECUTION] [BHExecutionNode] Generate output with model ctgan, sample size: 10, output size: 10
[2024-12-27 05:56:11] [EXECUTION] [BHExecutionNode] process Task FakeSign-1735278962 Slot 0 finished
[2024-12-27 05:56:11] [INFO] [BHExecutionNode] EC Encoder encode dataframe to encoded chunks, len(dataframe)=10, len(data_chunks)=6, len(encoded_chunks)=9, padding_size=0
[2024-12-27 05:56:11] [STORAGE] [BHExecutionNode] Chunk stored locally: /root/zkml_test/BHExecutionNode/meta/FakeSign-1735278962/0/node_0/8-chunk.json
[2024-12-27 05:56:12] [STORAGE] [BHExecutionNode] EC Decoder decode data success...
[2024-12-27 05:56:12] [STORAGE] [BHExecutionNode] finish replicate the data from Task FakeSign-1735278962 Slot 0
[2024-12-27 05:56:17] [ERROR] [BHExecutionNode] faild to commit slot because of <_InactiveRpcError of RPC that terminated with:
	status = StatusCode.DEADLINE_EXCEEDED
	details = "Deadline Exceeded"
	debug_error_string = "UNKNOWN:Deadline Exceeded {grpc_status:4, created_time:"2024-12-27T05:56:17.122533713+00:00"}"
>
[2024-12-27 06:01:57] [INFO] [BHExecutionNode] Init Processor with model ctgan from /root/zkml_test/BHExecutionNode/model
[2024-12-27 06:01:58] [INFO] [BHExecutionNode] Model successfully loaded from: /root/zkml_test/BHExecutionNode/model/ctgan/test
[2024-12-27 06:01:59] [INFO] [BHExecutionNode] CTGAN_Model_Instance generated output, size: 10
[2024-12-27 06:01:59] [EXECUTION] [BHExecutionNode] Generate output with model ctgan, sample size: 10, output size: 10
[2024-12-27 06:01:59] [EXECUTION] [BHExecutionNode] process Task FakeSign-1735279317 Slot 0 finished
[2024-12-27 06:02:00] [INFO] [BHExecutionNode] EC Encoder encode dataframe to encoded chunks, len(dataframe)=10, len(data_chunks)=6, len(encoded_chunks)=9, padding_size=0
[2024-12-27 06:02:00] [STORAGE] [BHExecutionNode] Chunk stored locally: /root/zkml_test/BHExecutionNode/meta/FakeSign-1735279317/0/node_0/8-chunk.json
[2024-12-27 06:02:00] [STORAGE] [BHExecutionNode] EC Decoder decode data success...
[2024-12-27 06:02:00] [STORAGE] [BHExecutionNode] finish replicate the data from Task FakeSign-1735279317 Slot 0
[2024-12-27 06:02:50] [INFO] [BHExecutionNode] Init Processor with model ctgan from /root/zkml_test/BHExecutionNode/model
[2024-12-27 06:02:50] [INFO] [BHExecutionNode] Model successfully loaded from: /root/zkml_test/BHExecutionNode/model/ctgan/test
[2024-12-27 06:02:52] [INFO] [BHExecutionNode] CTGAN_Model_Instance generated output, size: 10
[2024-12-27 06:02:52] [EXECUTION] [BHExecutionNode] Generate output with model ctgan, sample size: 10, output size: 10
[2024-12-27 06:02:52] [EXECUTION] [BHExecutionNode] process Task FakeSign-1735279369 Slot 0 finished
[2024-12-27 06:02:52] [INFO] [BHExecutionNode] EC Encoder encode dataframe to encoded chunks, len(dataframe)=10, len(data_chunks)=6, len(encoded_chunks)=9, padding_size=4
[2024-12-27 06:02:52] [STORAGE] [BHExecutionNode] Chunk stored locally: /root/zkml_test/BHExecutionNode/meta/FakeSign-1735279369/0/node_0/3-chunk.json
[2024-12-27 06:02:52] [STORAGE] [BHExecutionNode] EC Decoder decode data success...
[2024-12-27 06:02:52] [STORAGE] [BHExecutionNode] finish replicate the data from Task FakeSign-1735279369 Slot 0
[2024-12-27 06:15:12] [INFO] [BHExecutionNode] Init Processor with model ctgan from /root/zkml_test/BHExecutionNode/model
[2024-12-27 06:15:12] [INFO] [BHExecutionNode] Model successfully loaded from: /root/zkml_test/BHExecutionNode/model/ctgan/test
[2024-12-27 06:15:13] [INFO] [BHExecutionNode] CTGAN_Model_Instance generated output, size: 10
[2024-12-27 06:15:13] [EXECUTION] [BHExecutionNode] Generate output with model ctgan, sample size: 10, output size: 10
[2024-12-27 06:15:14] [EXECUTION] [BHExecutionNode] process Task FakeSign-1735280111 Slot 0 finished
[2024-12-27 06:15:14] [INFO] [BHExecutionNode] EC Encoder encode dataframe to encoded chunks, len(dataframe)=10, len(data_chunks)=6, len(encoded_chunks)=9, padding_size=0
[2024-12-27 06:15:14] [STORAGE] [BHExecutionNode] Chunk stored locally: /root/zkml_test/BHExecutionNode/meta/FakeSign-1735280111/0/node_0/1-chunk.json
[2024-12-27 06:15:14] [STORAGE] [BHExecutionNode] EC Decoder decode data success...
[2024-12-27 06:15:14] [STORAGE] [BHExecutionNode] finish replicate the data from Task FakeSign-1735280111 Slot 0
[2024-12-27 06:21:05] [INFO] [BHExecutionNode] Init Processor with model ctgan from /root/zkml_test/BHExecutionNode/model
[2024-12-27 06:21:06] [INFO] [BHExecutionNode] Model successfully loaded from: /root/zkml_test/BHExecutionNode/model/ctgan/test
[2024-12-27 06:21:07] [INFO] [BHExecutionNode] CTGAN_Model_Instance generated output, size: 10
[2024-12-27 06:21:07] [EXECUTION] [BHExecutionNode] Generate output with model ctgan, sample size: 10, output size: 10
[2024-12-27 06:21:07] [EXECUTION] [BHExecutionNode] process Task FakeSign-1735280465 Slot 0 finished
[2024-12-27 06:21:07] [INFO] [BHExecutionNode] EC Encoder encode dataframe to encoded chunks, len(dataframe)=10, len(data_chunks)=6, len(encoded_chunks)=9, padding_size=1
[2024-12-27 06:21:07] [STORAGE] [BHExecutionNode] Chunk stored locally: /root/zkml_test/BHExecutionNode/meta/FakeSign-1735280465/0/node_0/0-chunk.json
[2024-12-27 06:21:08] [STORAGE] [BHExecutionNode] EC Decoder decode data success...
[2024-12-27 06:21:08] [STORAGE] [BHExecutionNode] finish replicate the data from Task FakeSign-1735280465 Slot 0
[2024-12-27 06:21:27] [INFO] [BHExecutionNode] CTGAN_Model_Instance generated output, size: 10
[2024-12-27 06:21:27] [EXECUTION] [BHExecutionNode] Generate output with model ctgan, sample size: 10, output size: 10
[2024-12-27 06:21:27] [EXECUTION] [BHExecutionNode] process Task FakeSign-1735280465 Slot 1 finished
[2024-12-27 06:21:27] [INFO] [BHExecutionNode] EC Encoder encode dataframe to encoded chunks, len(dataframe)=10, len(data_chunks)=6, len(encoded_chunks)=9, padding_size=2
[2024-12-27 06:21:27] [STORAGE] [BHExecutionNode] Chunk stored locally: /root/zkml_test/BHExecutionNode/meta/FakeSign-1735280465/1/node_0/1-chunk.json
[2024-12-27 06:21:27] [STORAGE] [BHExecutionNode] EC Decoder decode data success...
[2024-12-27 06:21:27] [STORAGE] [BHExecutionNode] finish replicate the data from Task FakeSign-1735280465 Slot 1
[2024-12-27 06:21:47] [INFO] [BHExecutionNode] CTGAN_Model_Instance generated output, size: 10
[2024-12-27 06:21:47] [EXECUTION] [BHExecutionNode] Generate output with model ctgan, sample size: 10, output size: 10
[2024-12-27 06:21:47] [EXECUTION] [BHExecutionNode] process Task FakeSign-1735280465 Slot 2 finished
[2024-12-27 06:21:47] [INFO] [BHExecutionNode] EC Encoder encode dataframe to encoded chunks, len(dataframe)=10, len(data_chunks)=6, len(encoded_chunks)=9, padding_size=2
[2024-12-27 06:21:47] [STORAGE] [BHExecutionNode] Chunk stored locally: /root/zkml_test/BHExecutionNode/meta/FakeSign-1735280465/2/node_0/6-chunk.json
[2024-12-27 06:21:47] [STORAGE] [BHExecutionNode] EC Decoder decode data success...
[2024-12-27 06:21:47] [STORAGE] [BHExecutionNode] finish replicate the data from Task FakeSign-1735280465 Slot 2
[2024-12-27 06:22:07] [INFO] [BHExecutionNode] CTGAN_Model_Instance generated output, size: 10
[2024-12-27 06:22:07] [EXECUTION] [BHExecutionNode] Generate output with model ctgan, sample size: 10, output size: 10
[2024-12-27 06:22:07] [EXECUTION] [BHExecutionNode] process Task FakeSign-1735280465 Slot 3 finished
[2024-12-27 06:22:07] [INFO] [BHExecutionNode] EC Encoder encode dataframe to encoded chunks, len(dataframe)=10, len(data_chunks)=6, len(encoded_chunks)=9, padding_size=5
[2024-12-27 06:22:07] [STORAGE] [BHExecutionNode] Chunk stored locally: /root/zkml_test/BHExecutionNode/meta/FakeSign-1735280465/3/node_0/2-chunk.json
[2024-12-27 06:22:07] [STORAGE] [BHExecutionNode] EC Decoder decode data success...
[2024-12-27 06:22:07] [STORAGE] [BHExecutionNode] finish replicate the data from Task FakeSign-1735280465 Slot 3
[2024-12-27 06:31:30] [INFO] [BHExecutionNode] Init Processor with model ctgan from /root/zkml_test/BHExecutionNode/model
[2024-12-27 06:31:30] [INFO] [BHExecutionNode] Model successfully loaded from: /root/zkml_test/BHExecutionNode/model/ctgan/test
[2024-12-27 06:31:32] [INFO] [BHExecutionNode] CTGAN_Model_Instance generated output, size: 10
[2024-12-27 06:31:32] [EXECUTION] [BHExecutionNode] Generate output with model ctgan, sample size: 10, output size: 10
[2024-12-27 06:31:32] [EXECUTION] [BHExecutionNode] process Task FakeSign-1735281088 Slot 0 finished
[2024-12-27 06:31:32] [INFO] [BHExecutionNode] EC Encoder encode dataframe to encoded chunks, len(dataframe)=10, len(data_chunks)=6, len(encoded_chunks)=9, padding_size=0
[2024-12-27 06:31:32] [STORAGE] [BHExecutionNode] Chunk stored locally: /root/zkml_test/BHExecutionNode/meta/FakeSign-1735281088/0/node_0/3-chunk.json
[2024-12-27 06:31:32] [STORAGE] [BHExecutionNode] EC Decoder decode data success...
[2024-12-27 06:31:32] [STORAGE] [BHExecutionNode] finish replicate the data from Task FakeSign-1735281088 Slot 0
[2024-12-27 06:31:50] [INFO] [BHExecutionNode] CTGAN_Model_Instance generated output, size: 10
[2024-12-27 06:31:50] [EXECUTION] [BHExecutionNode] Generate output with model ctgan, sample size: 10, output size: 10
[2024-12-27 06:31:50] [EXECUTION] [BHExecutionNode] process Task FakeSign-1735281088 Slot 1 finished
[2024-12-27 06:31:50] [INFO] [BHExecutionNode] EC Encoder encode dataframe to encoded chunks, len(dataframe)=10, len(data_chunks)=6, len(encoded_chunks)=9, padding_size=3
[2024-12-27 06:31:50] [STORAGE] [BHExecutionNode] Chunk stored locally: /root/zkml_test/BHExecutionNode/meta/FakeSign-1735281088/1/node_0/2-chunk.json
[2024-12-27 06:31:50] [STORAGE] [BHExecutionNode] EC Decoder decode data success...
[2024-12-27 06:31:50] [STORAGE] [BHExecutionNode] finish replicate the data from Task FakeSign-1735281088 Slot 1
[2024-12-27 06:32:10] [INFO] [BHExecutionNode] CTGAN_Model_Instance generated output, size: 10
[2024-12-27 06:32:10] [EXECUTION] [BHExecutionNode] Generate output with model ctgan, sample size: 10, output size: 10
[2024-12-27 06:32:10] [EXECUTION] [BHExecutionNode] process Task FakeSign-1735281088 Slot 2 finished
[2024-12-27 06:32:10] [INFO] [BHExecutionNode] EC Encoder encode dataframe to encoded chunks, len(dataframe)=10, len(data_chunks)=6, len(encoded_chunks)=9, padding_size=0
[2024-12-27 06:32:10] [STORAGE] [BHExecutionNode] Chunk stored locally: /root/zkml_test/BHExecutionNode/meta/FakeSign-1735281088/2/node_0/3-chunk.json
[2024-12-27 06:32:10] [STORAGE] [BHExecutionNode] EC Decoder decode data success...
[2024-12-27 06:32:10] [STORAGE] [BHExecutionNode] finish replicate the data from Task FakeSign-1735281088 Slot 2
[2024-12-27 06:32:30] [INFO] [BHExecutionNode] CTGAN_Model_Instance generated output, size: 10
[2024-12-27 06:32:30] [EXECUTION] [BHExecutionNode] Generate output with model ctgan, sample size: 10, output size: 10
[2024-12-27 06:32:30] [EXECUTION] [BHExecutionNode] process Task FakeSign-1735281088 Slot 3 finished
[2024-12-27 06:32:30] [INFO] [BHExecutionNode] EC Encoder encode dataframe to encoded chunks, len(dataframe)=10, len(data_chunks)=6, len(encoded_chunks)=9, padding_size=1
[2024-12-27 06:32:30] [STORAGE] [BHExecutionNode] Chunk stored locally: /root/zkml_test/BHExecutionNode/meta/FakeSign-1735281088/3/node_0/6-chunk.json
[2024-12-27 06:32:30] [STORAGE] [BHExecutionNode] EC Decoder decode data success...
[2024-12-27 06:32:30] [STORAGE] [BHExecutionNode] finish replicate the data from Task FakeSign-1735281088 Slot 3
[2024-12-27 06:32:50] [INFO] [BHExecutionNode] CTGAN_Model_Instance generated output, size: 10
[2024-12-27 06:32:50] [EXECUTION] [BHExecutionNode] Generate output with model ctgan, sample size: 10, output size: 10
[2024-12-27 06:32:50] [EXECUTION] [BHExecutionNode] process Task FakeSign-1735281088 Slot 4 finished
[2024-12-27 06:32:50] [INFO] [BHExecutionNode] EC Encoder encode dataframe to encoded chunks, len(dataframe)=10, len(data_chunks)=6, len(encoded_chunks)=9, padding_size=0
[2024-12-27 06:32:50] [STORAGE] [BHExecutionNode] Chunk stored locally: /root/zkml_test/BHExecutionNode/meta/FakeSign-1735281088/4/node_0/3-chunk.json
[2024-12-27 06:32:50] [STORAGE] [BHExecutionNode] EC Decoder decode data success...
[2024-12-27 06:32:50] [STORAGE] [BHExecutionNode] finish replicate the data from Task FakeSign-1735281088 Slot 4
[2024-12-27 06:34:04] [INFO] [BHExecutionNode] Init Processor with model ctgan from /root/zkml_test/BHExecutionNode/model
[2024-12-27 06:34:04] [INFO] [BHExecutionNode] Model successfully loaded from: /root/zkml_test/BHExecutionNode/model/ctgan/test
[2024-12-27 06:34:06] [INFO] [BHExecutionNode] CTGAN_Model_Instance generated output, size: 10
[2024-12-27 06:34:06] [EXECUTION] [BHExecutionNode] Generate output with model ctgan, sample size: 10, output size: 10
[2024-12-27 06:34:06] [EXECUTION] [BHExecutionNode] process Task FakeSign-1735281243 Slot 0 finished
[2024-12-27 06:34:06] [INFO] [BHExecutionNode] EC Encoder encode dataframe to encoded chunks, len(dataframe)=10, len(data_chunks)=6, len(encoded_chunks)=9, padding_size=3
[2024-12-27 06:34:06] [STORAGE] [BHExecutionNode] Chunk stored locally: /root/zkml_test/BHExecutionNode/meta/FakeSign-1735281243/0/node_0/4-chunk.json
[2024-12-27 06:34:06] [STORAGE] [BHExecutionNode] EC Decoder decode data success...
[2024-12-27 06:34:06] [STORAGE] [BHExecutionNode] finish replicate the data from Task FakeSign-1735281243 Slot 0
[2024-12-27 06:34:25] [INFO] [BHExecutionNode] CTGAN_Model_Instance generated output, size: 10
[2024-12-27 06:34:25] [EXECUTION] [BHExecutionNode] Generate output with model ctgan, sample size: 10, output size: 10
[2024-12-27 06:34:25] [EXECUTION] [BHExecutionNode] process Task FakeSign-1735281243 Slot 1 finished
[2024-12-27 06:34:25] [INFO] [BHExecutionNode] EC Encoder encode dataframe to encoded chunks, len(dataframe)=10, len(data_chunks)=6, len(encoded_chunks)=9, padding_size=5
[2024-12-27 06:34:25] [STORAGE] [BHExecutionNode] Chunk stored locally: /root/zkml_test/BHExecutionNode/meta/FakeSign-1735281243/1/node_0/3-chunk.json
[2024-12-27 06:34:25] [STORAGE] [BHExecutionNode] EC Decoder decode data success...
[2024-12-27 06:34:25] [STORAGE] [BHExecutionNode] finish replicate the data from Task FakeSign-1735281243 Slot 1
[2024-12-27 06:34:45] [INFO] [BHExecutionNode] CTGAN_Model_Instance generated output, size: 10
[2024-12-27 06:34:45] [EXECUTION] [BHExecutionNode] Generate output with model ctgan, sample size: 10, output size: 10
[2024-12-27 06:34:45] [EXECUTION] [BHExecutionNode] process Task FakeSign-1735281243 Slot 2 finished
[2024-12-27 06:34:45] [INFO] [BHExecutionNode] EC Encoder encode dataframe to encoded chunks, len(dataframe)=10, len(data_chunks)=6, len(encoded_chunks)=9, padding_size=5
[2024-12-27 06:34:45] [STORAGE] [BHExecutionNode] Chunk stored locally: /root/zkml_test/BHExecutionNode/meta/FakeSign-1735281243/2/node_0/2-chunk.json
[2024-12-27 06:34:45] [STORAGE] [BHExecutionNode] EC Decoder decode data success...
[2024-12-27 06:34:45] [STORAGE] [BHExecutionNode] finish replicate the data from Task FakeSign-1735281243 Slot 2
[2024-12-27 06:35:05] [INFO] [BHExecutionNode] CTGAN_Model_Instance generated output, size: 10
[2024-12-27 06:35:05] [EXECUTION] [BHExecutionNode] Generate output with model ctgan, sample size: 10, output size: 10
[2024-12-27 06:35:05] [EXECUTION] [BHExecutionNode] process Task FakeSign-1735281243 Slot 3 finished
[2024-12-27 06:35:05] [INFO] [BHExecutionNode] EC Encoder encode dataframe to encoded chunks, len(dataframe)=10, len(data_chunks)=6, len(encoded_chunks)=9, padding_size=0
[2024-12-27 06:35:05] [STORAGE] [BHExecutionNode] Chunk stored locally: /root/zkml_test/BHExecutionNode/meta/FakeSign-1735281243/3/node_0/2-chunk.json
[2024-12-27 06:35:05] [STORAGE] [BHExecutionNode] EC Decoder decode data success...
[2024-12-27 06:35:05] [STORAGE] [BHExecutionNode] finish replicate the data from Task FakeSign-1735281243 Slot 3
[2024-12-27 06:35:25] [INFO] [BHExecutionNode] CTGAN_Model_Instance generated output, size: 10
[2024-12-27 06:35:26] [EXECUTION] [BHExecutionNode] Generate output with model ctgan, sample size: 10, output size: 10
[2024-12-27 06:35:26] [EXECUTION] [BHExecutionNode] process Task FakeSign-1735281243 Slot 4 finished
[2024-12-27 06:35:26] [INFO] [BHExecutionNode] EC Encoder encode dataframe to encoded chunks, len(dataframe)=10, len(data_chunks)=6, len(encoded_chunks)=9, padding_size=3
[2024-12-27 06:35:26] [STORAGE] [BHExecutionNode] Chunk stored locally: /root/zkml_test/BHExecutionNode/meta/FakeSign-1735281243/4/node_0/6-chunk.json
[2024-12-27 06:35:26] [STORAGE] [BHExecutionNode] EC Decoder decode data success...
[2024-12-27 06:35:26] [STORAGE] [BHExecutionNode] finish replicate the data from Task FakeSign-1735281243 Slot 4
[2024-12-27 06:36:00] [INFO] [BHExecutionNode] Init Processor with model ctgan from /root/zkml_test/BHExecutionNode/model
[2024-12-27 06:36:01] [INFO] [BHExecutionNode] Model successfully loaded from: /root/zkml_test/BHExecutionNode/model/ctgan/test
[2024-12-27 06:36:02] [INFO] [BHExecutionNode] CTGAN_Model_Instance generated output, size: 10
[2024-12-27 06:36:02] [EXECUTION] [BHExecutionNode] Generate output with model ctgan, sample size: 10, output size: 10
[2024-12-27 06:36:02] [EXECUTION] [BHExecutionNode] process Task FakeSign-1735281360 Slot 0 finished
[2024-12-27 06:36:02] [INFO] [BHExecutionNode] EC Encoder encode dataframe to encoded chunks, len(dataframe)=10, len(data_chunks)=6, len(encoded_chunks)=9, padding_size=0
[2024-12-27 06:36:02] [STORAGE] [BHExecutionNode] Chunk stored locally: /root/zkml_test/BHExecutionNode/meta/FakeSign-1735281360/0/node_0/7-chunk.json
[2024-12-27 06:36:02] [STORAGE] [BHExecutionNode] EC Decoder decode data success...
[2024-12-27 06:36:02] [STORAGE] [BHExecutionNode] finish replicate the data from Task FakeSign-1735281360 Slot 0
[2024-12-27 06:36:21] [INFO] [BHExecutionNode] CTGAN_Model_Instance generated output, size: 10
[2024-12-27 06:36:21] [EXECUTION] [BHExecutionNode] Generate output with model ctgan, sample size: 10, output size: 10
[2024-12-27 06:36:21] [EXECUTION] [BHExecutionNode] process Task FakeSign-1735281360 Slot 1 finished
[2024-12-27 06:36:22] [INFO] [BHExecutionNode] EC Encoder encode dataframe to encoded chunks, len(dataframe)=10, len(data_chunks)=6, len(encoded_chunks)=9, padding_size=1
[2024-12-27 06:36:22] [STORAGE] [BHExecutionNode] Chunk stored locally: /root/zkml_test/BHExecutionNode/meta/FakeSign-1735281360/1/node_0/5-chunk.json
[2024-12-27 06:36:22] [STORAGE] [BHExecutionNode] EC Decoder decode data success...
[2024-12-27 06:36:22] [STORAGE] [BHExecutionNode] finish replicate the data from Task FakeSign-1735281360 Slot 1
[2024-12-27 06:37:49] [INFO] [BHExecutionNode] Init Processor with model ctgan from /root/zkml_test/BHExecutionNode/model
[2024-12-27 06:37:50] [INFO] [BHExecutionNode] Model successfully loaded from: /root/zkml_test/BHExecutionNode/model/ctgan/test
[2024-12-27 06:37:51] [INFO] [BHExecutionNode] CTGAN_Model_Instance generated output, size: 10
[2024-12-27 06:37:51] [EXECUTION] [BHExecutionNode] Generate output with model ctgan, sample size: 10, output size: 10
[2024-12-27 06:37:51] [EXECUTION] [BHExecutionNode] process Task FakeSign-1735281469 Slot 0 finished
[2024-12-27 06:37:51] [INFO] [BHExecutionNode] EC Encoder encode dataframe to encoded chunks, len(dataframe)=10, len(data_chunks)=6, len(encoded_chunks)=9, padding_size=1
[2024-12-27 06:37:51] [STORAGE] [BHExecutionNode] Chunk stored locally: /root/zkml_test/BHExecutionNode/meta/FakeSign-1735281469/0/node_0/3-chunk.json
[2024-12-27 06:37:51] [STORAGE] [BHExecutionNode] EC Decoder decode data success...
[2024-12-27 06:37:51] [STORAGE] [BHExecutionNode] finish replicate the data from Task FakeSign-1735281469 Slot 0
[2024-12-27 06:38:10] [INFO] [BHExecutionNode] CTGAN_Model_Instance generated output, size: 10
[2024-12-27 06:38:10] [EXECUTION] [BHExecutionNode] Generate output with model ctgan, sample size: 10, output size: 10
[2024-12-27 06:38:10] [EXECUTION] [BHExecutionNode] process Task FakeSign-1735281469 Slot 1 finished
[2024-12-27 06:38:10] [INFO] [BHExecutionNode] EC Encoder encode dataframe to encoded chunks, len(dataframe)=10, len(data_chunks)=6, len(encoded_chunks)=9, padding_size=1
[2024-12-27 06:38:10] [STORAGE] [BHExecutionNode] Chunk stored locally: /root/zkml_test/BHExecutionNode/meta/FakeSign-1735281469/1/node_0/1-chunk.json
[2024-12-27 06:38:10] [STORAGE] [BHExecutionNode] EC Decoder decode data success...
[2024-12-27 06:38:10] [STORAGE] [BHExecutionNode] finish replicate the data from Task FakeSign-1735281469 Slot 1
[2024-12-27 06:38:30] [INFO] [BHExecutionNode] CTGAN_Model_Instance generated output, size: 10
[2024-12-27 06:38:30] [EXECUTION] [BHExecutionNode] Generate output with model ctgan, sample size: 10, output size: 10
[2024-12-27 06:38:30] [EXECUTION] [BHExecutionNode] process Task FakeSign-1735281469 Slot 2 finished
[2024-12-27 06:38:30] [INFO] [BHExecutionNode] EC Encoder encode dataframe to encoded chunks, len(dataframe)=10, len(data_chunks)=6, len(encoded_chunks)=9, padding_size=1
[2024-12-27 06:38:30] [STORAGE] [BHExecutionNode] Chunk stored locally: /root/zkml_test/BHExecutionNode/meta/FakeSign-1735281469/2/node_0/2-chunk.json
[2024-12-27 06:38:30] [STORAGE] [BHExecutionNode] EC Decoder decode data success...
[2024-12-27 06:38:30] [STORAGE] [BHExecutionNode] finish replicate the data from Task FakeSign-1735281469 Slot 2
[2024-12-27 06:38:50] [INFO] [BHExecutionNode] CTGAN_Model_Instance generated output, size: 10
[2024-12-27 06:38:50] [EXECUTION] [BHExecutionNode] Generate output with model ctgan, sample size: 10, output size: 10
[2024-12-27 06:38:50] [EXECUTION] [BHExecutionNode] process Task FakeSign-1735281469 Slot 3 finished
[2024-12-27 06:38:50] [INFO] [BHExecutionNode] EC Encoder encode dataframe to encoded chunks, len(dataframe)=10, len(data_chunks)=6, len(encoded_chunks)=9, padding_size=3
[2024-12-27 06:38:50] [STORAGE] [BHExecutionNode] Chunk stored locally: /root/zkml_test/BHExecutionNode/meta/FakeSign-1735281469/3/node_0/5-chunk.json
[2024-12-27 06:38:50] [STORAGE] [BHExecutionNode] EC Decoder decode data success...
[2024-12-27 06:38:50] [STORAGE] [BHExecutionNode] finish replicate the data from Task FakeSign-1735281469 Slot 3
[2024-12-27 06:39:10] [INFO] [BHExecutionNode] CTGAN_Model_Instance generated output, size: 10
[2024-12-27 06:39:10] [EXECUTION] [BHExecutionNode] Generate output with model ctgan, sample size: 10, output size: 10
[2024-12-27 06:39:10] [EXECUTION] [BHExecutionNode] process Task FakeSign-1735281469 Slot 4 finished
[2024-12-27 06:39:10] [INFO] [BHExecutionNode] EC Encoder encode dataframe to encoded chunks, len(dataframe)=10, len(data_chunks)=6, len(encoded_chunks)=9, padding_size=4
[2024-12-27 06:39:10] [STORAGE] [BHExecutionNode] Chunk stored locally: /root/zkml_test/BHExecutionNode/meta/FakeSign-1735281469/4/node_0/2-chunk.json
[2024-12-27 06:39:10] [STORAGE] [BHExecutionNode] EC Decoder decode data success...
[2024-12-27 06:39:10] [STORAGE] [BHExecutionNode] finish replicate the data from Task FakeSign-1735281469 Slot 4
[2024-12-27 06:39:40] [INFO] [BHExecutionNode] Init Processor with model ctgan from /root/zkml_test/BHExecutionNode/model
[2024-12-27 06:39:41] [INFO] [BHExecutionNode] Model successfully loaded from: /root/zkml_test/BHExecutionNode/model/ctgan/test
[2024-12-27 06:39:42] [INFO] [BHExecutionNode] CTGAN_Model_Instance generated output, size: 10
[2024-12-27 06:39:42] [EXECUTION] [BHExecutionNode] Generate output with model ctgan, sample size: 10, output size: 10
[2024-12-27 06:39:42] [EXECUTION] [BHExecutionNode] process Task FakeSign-1735281579 Slot 0 finished
[2024-12-27 06:39:42] [INFO] [BHExecutionNode] EC Encoder encode dataframe to encoded chunks, len(dataframe)=10, len(data_chunks)=6, len(encoded_chunks)=9, padding_size=3
[2024-12-27 06:39:42] [STORAGE] [BHExecutionNode] Chunk stored locally: /root/zkml_test/BHExecutionNode/meta/FakeSign-1735281579/0/node_0/5-chunk.json
[2024-12-27 06:39:42] [STORAGE] [BHExecutionNode] EC Decoder decode data success...
[2024-12-27 06:39:42] [STORAGE] [BHExecutionNode] finish replicate the data from Task FakeSign-1735281579 Slot 0
[2024-12-27 06:40:01] [INFO] [BHExecutionNode] CTGAN_Model_Instance generated output, size: 10
[2024-12-27 06:40:01] [EXECUTION] [BHExecutionNode] Generate output with model ctgan, sample size: 10, output size: 10
[2024-12-27 06:40:01] [EXECUTION] [BHExecutionNode] process Task FakeSign-1735281579 Slot 1 finished
[2024-12-27 06:40:01] [INFO] [BHExecutionNode] EC Encoder encode dataframe to encoded chunks, len(dataframe)=10, len(data_chunks)=6, len(encoded_chunks)=9, padding_size=5
[2024-12-27 06:40:01] [STORAGE] [BHExecutionNode] Chunk stored locally: /root/zkml_test/BHExecutionNode/meta/FakeSign-1735281579/1/node_0/3-chunk.json
[2024-12-27 06:40:01] [STORAGE] [BHExecutionNode] EC Decoder decode data success...
[2024-12-27 06:40:01] [STORAGE] [BHExecutionNode] finish replicate the data from Task FakeSign-1735281579 Slot 1
[2024-12-27 06:45:28] [INFO] [BHExecutionNode] Init Processor with model ctgan from /root/zkml_test/BHExecutionNode/model
[2024-12-27 06:45:29] [INFO] [BHExecutionNode] Model successfully loaded from: /root/zkml_test/BHExecutionNode/model/ctgan/test
[2024-12-27 06:45:30] [INFO] [BHExecutionNode] CTGAN_Model_Instance generated output, size: 10
[2024-12-27 06:45:30] [EXECUTION] [BHExecutionNode] Generate output with model ctgan, sample size: 10, output size: 10
[2024-12-27 06:45:30] [EXECUTION] [BHExecutionNode] process Task FakeSign-1735281928 Slot 0 finished
[2024-12-27 06:45:30] [INFO] [BHExecutionNode] EC Encoder encode dataframe to encoded chunks, len(dataframe)=10, len(data_chunks)=6, len(encoded_chunks)=9, padding_size=0
[2024-12-27 06:45:30] [STORAGE] [BHExecutionNode] Chunk stored locally: /root/zkml_test/BHExecutionNode/meta/FakeSign-1735281928/0/node_0/0-chunk.json
[2024-12-27 06:45:30] [STORAGE] [BHExecutionNode] EC Decoder decode data success...
[2024-12-27 06:45:30] [STORAGE] [BHExecutionNode] finish replicate the data from Task FakeSign-1735281928 Slot 0
[2024-12-27 06:45:50] [INFO] [BHExecutionNode] CTGAN_Model_Instance generated output, size: 10
[2024-12-27 06:45:50] [EXECUTION] [BHExecutionNode] Generate output with model ctgan, sample size: 10, output size: 10
[2024-12-27 06:45:50] [EXECUTION] [BHExecutionNode] process Task FakeSign-1735281928 Slot 1 finished
[2024-12-27 06:45:50] [INFO] [BHExecutionNode] EC Encoder encode dataframe to encoded chunks, len(dataframe)=10, len(data_chunks)=6, len(encoded_chunks)=9, padding_size=1
[2024-12-27 06:45:50] [STORAGE] [BHExecutionNode] Chunk stored locally: /root/zkml_test/BHExecutionNode/meta/FakeSign-1735281928/1/node_0/0-chunk.json
[2024-12-27 06:45:50] [STORAGE] [BHExecutionNode] EC Decoder decode data success...
[2024-12-27 06:45:50] [STORAGE] [BHExecutionNode] finish replicate the data from Task FakeSign-1735281928 Slot 1
[2024-12-27 06:46:10] [INFO] [BHExecutionNode] CTGAN_Model_Instance generated output, size: 10
[2024-12-27 06:46:10] [EXECUTION] [BHExecutionNode] Generate output with model ctgan, sample size: 10, output size: 10
[2024-12-27 06:46:10] [EXECUTION] [BHExecutionNode] process Task FakeSign-1735281928 Slot 2 finished
[2024-12-27 06:46:10] [INFO] [BHExecutionNode] EC Encoder encode dataframe to encoded chunks, len(dataframe)=10, len(data_chunks)=6, len(encoded_chunks)=9, padding_size=3
[2024-12-27 06:46:10] [STORAGE] [BHExecutionNode] Chunk stored locally: /root/zkml_test/BHExecutionNode/meta/FakeSign-1735281928/2/node_0/0-chunk.json
[2024-12-27 06:46:10] [STORAGE] [BHExecutionNode] EC Decoder decode data success...
[2024-12-27 06:46:10] [STORAGE] [BHExecutionNode] finish replicate the data from Task FakeSign-1735281928 Slot 2
[2024-12-27 06:46:29] [INFO] [BHExecutionNode] CTGAN_Model_Instance generated output, size: 10
[2024-12-27 06:46:29] [EXECUTION] [BHExecutionNode] Generate output with model ctgan, sample size: 10, output size: 10
[2024-12-27 06:46:29] [EXECUTION] [BHExecutionNode] process Task FakeSign-1735281928 Slot 3 finished
[2024-12-27 06:46:29] [INFO] [BHExecutionNode] EC Encoder encode dataframe to encoded chunks, len(dataframe)=10, len(data_chunks)=6, len(encoded_chunks)=9, padding_size=2
[2024-12-27 06:46:30] [STORAGE] [BHExecutionNode] Chunk stored locally: /root/zkml_test/BHExecutionNode/meta/FakeSign-1735281928/3/node_0/3-chunk.json
[2024-12-27 06:46:30] [STORAGE] [BHExecutionNode] EC Decoder decode data success...
[2024-12-27 06:46:30] [STORAGE] [BHExecutionNode] finish replicate the data from Task FakeSign-1735281928 Slot 3
[2024-12-27 06:46:50] [INFO] [BHExecutionNode] CTGAN_Model_Instance generated output, size: 10
[2024-12-27 06:46:50] [EXECUTION] [BHExecutionNode] Generate output with model ctgan, sample size: 10, output size: 10
[2024-12-27 06:46:50] [EXECUTION] [BHExecutionNode] process Task FakeSign-1735281928 Slot 4 finished
[2024-12-27 06:46:50] [INFO] [BHExecutionNode] EC Encoder encode dataframe to encoded chunks, len(dataframe)=10, len(data_chunks)=6, len(encoded_chunks)=9, padding_size=3
[2024-12-27 06:46:50] [STORAGE] [BHExecutionNode] Chunk stored locally: /root/zkml_test/BHExecutionNode/meta/FakeSign-1735281928/4/node_0/5-chunk.json
[2024-12-27 06:46:50] [STORAGE] [BHExecutionNode] EC Decoder decode data success...
[2024-12-27 06:46:50] [STORAGE] [BHExecutionNode] finish replicate the data from Task FakeSign-1735281928 Slot 4
