[2024-12-25 08:00:54] [INFO] [BHExecutionNode] Init Storager from config, storage_path: /root/zkml_test/BHExecutionNode/meta
[2024-12-25 08:00:54] [INFO] [BHExecutionNode] BHExecutionNode load config...
[2024-12-25 08:00:54] [INFO] [BHExecutionNode] BHExecution Node Start...
[2024-12-25 08:00:54] [WARNING] [BHExecutionNode] 127.0.0.1:1235 can not ping,try again!
[2024-12-25 08:00:55] [INFO] [BHExecutionNode] Init Processor with model ctgan from /root/zkml_test/BHExecutionNode/model
[2024-12-25 08:01:02] [INFO] [BHExecutionNode] Model successfully loaded from: /root/zkml_test/BHExecutionNode/model/ctgan/test
[2024-12-25 08:01:04] [INFO] [BHExecutionNode] CTGAN_Model_Instance generated output, size: 10
[2024-12-25 08:01:04] [EXECUTION] [BHExecutionNode] Generate output with model ctgan, sample size: 10, output size: 10
[2024-12-25 08:01:04] [EXECUTION] [BHExecutionNode] process Task FakeSign-1735113655 Slot 0 finished
[2024-12-25 08:01:04] [INFO] [BHExecutionNode] EC Encoder encode dataframe to encoded chunks, len(dataframe)=10, len(data_chunks)=6, len(encoded_chunks)=9, padding_size=2
[2024-12-25 08:01:04] [STORAGE] [BHExecutionNode] Chunk stored locally: /root/zkml_test/BHExecutionNode/meta/FakeSign-1735113655/0/node_0/1-chunk.json
[2024-12-25 08:01:04] [STORAGE] [BHExecutionNode] EC Decoder decode data success...
[2024-12-25 08:01:04] [STORAGE] [BHExecutionNode] finish replicate the data from Task FakeSign-1735113655 Slot 0
[2024-12-25 08:01:27] [INFO] [BHExecutionNode] CTGAN_Model_Instance generated output, size: 10
[2024-12-25 08:01:27] [EXECUTION] [BHExecutionNode] Generate output with model ctgan, sample size: 10, output size: 10
[2024-12-25 08:01:27] [EXECUTION] [BHExecutionNode] process Task FakeSign-1735113655 Slot 1 finished
[2024-12-25 08:01:27] [INFO] [BHExecutionNode] EC Encoder encode dataframe to encoded chunks, len(dataframe)=10, len(data_chunks)=6, len(encoded_chunks)=9, padding_size=1
[2024-12-25 08:01:27] [STORAGE] [BHExecutionNode] Chunk stored locally: /root/zkml_test/BHExecutionNode/meta/FakeSign-1735113655/1/node_0/0-chunk.json
[2024-12-25 08:01:27] [STORAGE] [BHExecutionNode] EC Decoder decode data success...
[2024-12-25 08:01:27] [STORAGE] [BHExecutionNode] finish replicate the data from Task FakeSign-1735113655 Slot 1
[2024-12-25 08:01:57] [INFO] [BHExecutionNode] CTGAN_Model_Instance generated output, size: 10
[2024-12-25 08:01:57] [EXECUTION] [BHExecutionNode] Generate output with model ctgan, sample size: 10, output size: 10
[2024-12-25 08:01:57] [EXECUTION] [BHExecutionNode] process Task FakeSign-1735113655 Slot 2 finished
[2024-12-25 08:01:57] [INFO] [BHExecutionNode] EC Encoder encode dataframe to encoded chunks, len(dataframe)=10, len(data_chunks)=6, len(encoded_chunks)=9, padding_size=2
[2024-12-25 08:01:57] [STORAGE] [BHExecutionNode] Chunk stored locally: /root/zkml_test/BHExecutionNode/meta/FakeSign-1735113655/2/node_0/4-chunk.json
[2024-12-25 08:01:57] [STORAGE] [BHExecutionNode] EC Decoder decode data success...
[2024-12-25 08:01:57] [STORAGE] [BHExecutionNode] finish replicate the data from Task FakeSign-1735113655 Slot 2
[2024-12-25 08:02:26] [INFO] [BHExecutionNode] CTGAN_Model_Instance generated output, size: 10
[2024-12-25 08:02:26] [EXECUTION] [BHExecutionNode] Generate output with model ctgan, sample size: 10, output size: 10
[2024-12-25 08:02:26] [EXECUTION] [BHExecutionNode] process Task FakeSign-1735113655 Slot 3 finished
[2024-12-25 08:02:26] [INFO] [BHExecutionNode] EC Encoder encode dataframe to encoded chunks, len(dataframe)=10, len(data_chunks)=6, len(encoded_chunks)=9, padding_size=4
[2024-12-25 08:02:26] [STORAGE] [BHExecutionNode] Chunk stored locally: /root/zkml_test/BHExecutionNode/meta/FakeSign-1735113655/3/node_0/4-chunk.json
[2024-12-25 08:02:26] [STORAGE] [BHExecutionNode] EC Decoder decode data success...
[2024-12-25 08:02:26] [STORAGE] [BHExecutionNode] finish replicate the data from Task FakeSign-1735113655 Slot 3
[2024-12-25 08:02:56] [INFO] [BHExecutionNode] CTGAN_Model_Instance generated output, size: 10
[2024-12-25 08:02:56] [EXECUTION] [BHExecutionNode] Generate output with model ctgan, sample size: 10, output size: 10
[2024-12-25 08:02:56] [EXECUTION] [BHExecutionNode] process Task FakeSign-1735113655 Slot 4 finished
[2024-12-25 08:02:56] [INFO] [BHExecutionNode] EC Encoder encode dataframe to encoded chunks, len(dataframe)=10, len(data_chunks)=6, len(encoded_chunks)=9, padding_size=2
[2024-12-25 08:02:56] [STORAGE] [BHExecutionNode] Chunk stored locally: /root/zkml_test/BHExecutionNode/meta/FakeSign-1735113655/4/node_0/0-chunk.json
[2024-12-25 08:02:57] [STORAGE] [BHExecutionNode] EC Decoder decode data success...
[2024-12-25 08:02:57] [STORAGE] [BHExecutionNode] finish replicate the data from Task FakeSign-1735113655 Slot 4
