[2024-12-29 05:13:57] [INFO] [BHExecutionNode] Init Storager from config, storage_path: /root/zkml_test/BHExecutionNode/meta
[2024-12-29 05:13:57] [WARNING] [BHExecutionNode] 127.0.0.1:1235 can not ping,try again!
[2024-12-29 05:13:58] [INFO] [BHExecutionNode] Init Processor with model from /root/zkml_test/BHExecutionNode/model
[2024-12-29 05:14:22] [INFO] [BHExecutionNode] Model successfully loaded from: /root/zkml_test/BHExecutionNode/model/CTGAN/test
[2024-12-29 05:14:26] [EXECUTION] [BHExecutionNode] Receive New Task, Sign: FakeSign-1735449265, Slot: 0
[2024-12-29 05:14:26] [EXECUTION] [BHExecutionNode] Receive Unprocessed Slot, Sign: FakeSign-1735449265, Slot: 0
[2024-12-29 05:14:41] [INFO] [BHExecutionNode] CTGAN_Model_Instance generated output, size: 10
[2024-12-29 05:14:41] [INFO] [BHExecutionNode] EC Encoder encode dataframe to encoded chunks, len(dataframe)=10, len(data_chunks)=6, len(encoded_chunks)=9, padding_size=3
[2024-12-29 05:14:41] [STORAGE] [BHExecutionNode] Chunk stored locally: /root/zkml_test/BHExecutionNode/meta/FakeSign-1735449265/0/node_0/1-chunk.json
[2024-12-29 05:14:42] [STORAGE] [BHExecutionNode] EC Decoder decode data success...
[2024-12-29 05:14:42] [STORAGE] [BHExecutionNode] finish replicate the data from Task FakeSign-1735449265 Slot 0
[2024-12-29 05:14:46] [EXECUTION] [BHExecutionNode] Receive Unprocessed Slot, Sign: FakeSign-1735449265, Slot: 1
[2024-12-29 05:14:56] [INFO] [BHExecutionNode] CTGAN_Model_Instance generated output, size: 10
[2024-12-29 05:14:57] [INFO] [BHExecutionNode] EC Encoder encode dataframe to encoded chunks, len(dataframe)=10, len(data_chunks)=6, len(encoded_chunks)=9, padding_size=5
[2024-12-29 05:14:57] [STORAGE] [BHExecutionNode] Chunk stored locally: /root/zkml_test/BHExecutionNode/meta/FakeSign-1735449265/1/node_0/2-chunk.json
[2024-12-29 05:14:57] [STORAGE] [BHExecutionNode] EC Decoder decode data success...
[2024-12-29 05:14:58] [STORAGE] [BHExecutionNode] finish replicate the data from Task FakeSign-1735449265 Slot 1
[2024-12-29 05:15:05] [EXECUTION] [BHExecutionNode] Receive Unprocessed Slot, Sign: FakeSign-1735449265, Slot: 2
[2024-12-29 05:15:14] [INFO] [BHExecutionNode] CTGAN_Model_Instance generated output, size: 10
[2024-12-29 05:15:14] [INFO] [BHExecutionNode] EC Encoder encode dataframe to encoded chunks, len(dataframe)=10, len(data_chunks)=6, len(encoded_chunks)=9, padding_size=4
[2024-12-29 05:15:15] [STORAGE] [BHExecutionNode] Chunk stored locally: /root/zkml_test/BHExecutionNode/meta/FakeSign-1735449265/2/node_0/4-chunk.json
[2024-12-29 05:15:15] [STORAGE] [BHExecutionNode] EC Decoder decode data success...
[2024-12-29 05:15:15] [STORAGE] [BHExecutionNode] finish replicate the data from Task FakeSign-1735449265 Slot 2
