[2024-12-29 05:58:26] [INFO] [BHExecutionNode] Init Storager from config, storage_path: /root/zkml_test/BHExecutionNode/meta
[2024-12-29 05:58:26] [WARNING] [BHExecutionNode] 127.0.0.1:1235 can not ping,try again!
[2024-12-29 05:58:26] [INFO] [BHExecutionNode] Init Processor with model from /root/zkml_test/BHExecutionNode/model
[2024-12-29 05:58:48] [INFO] [BHExecutionNode] Model successfully loaded from: /root/zkml_test/BHExecutionNode/model/CTGAN/test
[2024-12-29 05:59:02] [EXECUTION] [BHExecutionNode] Receive New Task, Sign: FakeSign-1735451941, Slot: 0
[2024-12-29 05:59:02] [EXECUTION] [BHExecutionNode] Receive Unprocessed Slot, Sign: FakeSign-1735451941, Slot: 0
[2024-12-29 05:59:12] [INFO] [BHExecutionNode] CTGAN_Model_Instance generated output, size: 10
[2024-12-29 05:59:12] [INFO] [BHExecutionNode] EC Encoder encode dataframe to encoded chunks, len(dataframe)=10, len(data_chunks)=6, len(encoded_chunks)=9, padding_size=5
[2024-12-29 05:59:12] [STORAGE] [BHExecutionNode] Chunk stored locally: /root/zkml_test/BHExecutionNode/meta/FakeSign-1735451941/0/node_0/0-chunk.json
[2024-12-29 05:59:12] [STORAGE] [BHExecutionNode] EC Decoder decode data success...
[2024-12-29 05:59:12] [STORAGE] [BHExecutionNode] finish replicate the data from Task FakeSign-1735451941 Slot 0
[2024-12-29 05:59:12] [EXECUTION] [BHExecutionNode] Receive Undetermined Slot, Sign: FakeSign-1735451941, Slot: 0
[2024-12-29 05:59:13] [EXECUTION] [BHExecutionNode] Update Undetermined Slot, Sign: FakeSign-1735451941, Slot: 0, Hash: FakeSign-1735451941_0_0
[2024-12-29 05:59:22] [EXECUTION] [BHExecutionNode] Receive Unprocessed Slot, Sign: FakeSign-1735451941, Slot: 1
[2024-12-29 05:59:28] [INFO] [BHExecutionNode] CTGAN_Model_Instance generated output, size: 10
[2024-12-29 05:59:28] [INFO] [BHExecutionNode] EC Encoder encode dataframe to encoded chunks, len(dataframe)=10, len(data_chunks)=6, len(encoded_chunks)=9, padding_size=3
[2024-12-29 05:59:28] [STORAGE] [BHExecutionNode] Chunk stored locally: /root/zkml_test/BHExecutionNode/meta/FakeSign-1735451941/1/node_0/6-chunk.json
[2024-12-29 05:59:29] [STORAGE] [BHExecutionNode] EC Decoder decode data success...
[2024-12-29 05:59:29] [STORAGE] [BHExecutionNode] finish replicate the data from Task FakeSign-1735451941 Slot 1
[2024-12-29 05:59:29] [EXECUTION] [BHExecutionNode] Receive Undetermined Slot, Sign: FakeSign-1735451941, Slot: 1
[2024-12-29 05:59:29] [EXECUTION] [BHExecutionNode] Update Undetermined Slot, Sign: FakeSign-1735451941, Slot: 1, Hash: FakeSign-1735451941_1_0
[2024-12-29 05:59:32] [EXECUTION] [BHExecutionNode] Update Finalized Slot, Sign: FakeSign-1735451941, Slot: 0, Hash: FakeSign-1735451941_0_0
[2024-12-29 05:59:42] [EXECUTION] [BHExecutionNode] Update Finalized Slot, Sign: FakeSign-1735451941, Slot: 1, Hash: FakeSign-1735451941_1_0
[2024-12-29 05:59:42] [EXECUTION] [BHExecutionNode] Receive Unprocessed Slot, Sign: FakeSign-1735451941, Slot: 2
[2024-12-29 05:59:50] [INFO] [BHExecutionNode] CTGAN_Model_Instance generated output, size: 10
[2024-12-29 05:59:50] [INFO] [BHExecutionNode] EC Encoder encode dataframe to encoded chunks, len(dataframe)=10, len(data_chunks)=6, len(encoded_chunks)=9, padding_size=0
[2024-12-29 05:59:51] [STORAGE] [BHExecutionNode] Chunk stored locally: /root/zkml_test/BHExecutionNode/meta/FakeSign-1735451941/2/node_0/1-chunk.json
[2024-12-29 05:59:51] [STORAGE] [BHExecutionNode] EC Decoder decode data success...
[2024-12-29 05:59:51] [STORAGE] [BHExecutionNode] finish replicate the data from Task FakeSign-1735451941 Slot 2
[2024-12-29 05:59:51] [EXECUTION] [BHExecutionNode] Receive Undetermined Slot, Sign: FakeSign-1735451941, Slot: 2
[2024-12-29 05:59:51] [EXECUTION] [BHExecutionNode] Update Undetermined Slot, Sign: FakeSign-1735451941, Slot: 2, Hash: FakeSign-1735451941_2_0
[2024-12-29 06:00:02] [EXECUTION] [BHExecutionNode] Update Finalized Slot, Sign: FakeSign-1735451941, Slot: 2, Hash: FakeSign-1735451941_2_0
[2024-12-29 06:00:02] [EXECUTION] [BHExecutionNode] Receive Unprocessed Slot, Sign: FakeSign-1735451941, Slot: 3
[2024-12-29 06:00:12] [INFO] [BHExecutionNode] CTGAN_Model_Instance generated output, size: 10
[2024-12-29 06:00:12] [INFO] [BHExecutionNode] EC Encoder encode dataframe to encoded chunks, len(dataframe)=10, len(data_chunks)=6, len(encoded_chunks)=9, padding_size=3
[2024-12-29 06:00:13] [STORAGE] [BHExecutionNode] Chunk stored locally: /root/zkml_test/BHExecutionNode/meta/FakeSign-1735451941/3/node_0/2-chunk.json
[2024-12-29 06:00:13] [STORAGE] [BHExecutionNode] EC Decoder decode data success...
[2024-12-29 06:00:13] [STORAGE] [BHExecutionNode] finish replicate the data from Task FakeSign-1735451941 Slot 3
[2024-12-29 06:00:13] [EXECUTION] [BHExecutionNode] Receive Undetermined Slot, Sign: FakeSign-1735451941, Slot: 3
[2024-12-29 06:00:13] [EXECUTION] [BHExecutionNode] Update Undetermined Slot, Sign: FakeSign-1735451941, Slot: 3, Hash: FakeSign-1735451941_3_0
[2024-12-29 06:00:22] [EXECUTION] [BHExecutionNode] Receive Unprocessed Slot, Sign: FakeSign-1735451941, Slot: 4
[2024-12-29 06:00:31] [INFO] [BHExecutionNode] CTGAN_Model_Instance generated output, size: 10
[2024-12-29 06:00:31] [INFO] [BHExecutionNode] EC Encoder encode dataframe to encoded chunks, len(dataframe)=10, len(data_chunks)=6, len(encoded_chunks)=9, padding_size=1
[2024-12-29 06:00:31] [STORAGE] [BHExecutionNode] Chunk stored locally: /root/zkml_test/BHExecutionNode/meta/FakeSign-1735451941/4/node_0/4-chunk.json
[2024-12-29 06:00:32] [EXECUTION] [BHExecutionNode] Update Finalized Slot, Sign: FakeSign-1735451941, Slot: 3, Hash: FakeSign-1735451941_3_0
[2024-12-29 06:00:32] [STORAGE] [BHExecutionNode] EC Decoder decode data success...
[2024-12-29 06:00:32] [STORAGE] [BHExecutionNode] finish replicate the data from Task FakeSign-1735451941 Slot 4
[2024-12-29 06:00:32] [EXECUTION] [BHExecutionNode] Receive Undetermined Slot, Sign: FakeSign-1735451941, Slot: 4
[2024-12-29 06:00:32] [EXECUTION] [BHExecutionNode] Update Undetermined Slot, Sign: FakeSign-1735451941, Slot: 4, Hash: FakeSign-1735451941_4_0
[2024-12-29 06:00:42] [EXECUTION] [BHExecutionNode] Receive Unprocessed Slot, Sign: FakeSign-1735451941, Slot: 5
[2024-12-29 06:00:52] [EXECUTION] [BHExecutionNode] Update Finalized Slot, Sign: FakeSign-1735451941, Slot: 4, Hash: FakeSign-1735451941_4_0
[2024-12-29 06:00:53] [INFO] [BHExecutionNode] CTGAN_Model_Instance generated output, size: 10
[2024-12-29 06:00:54] [INFO] [BHExecutionNode] EC Encoder encode dataframe to encoded chunks, len(dataframe)=10, len(data_chunks)=6, len(encoded_chunks)=9, padding_size=0
[2024-12-29 06:00:55] [STORAGE] [BHExecutionNode] Chunk stored locally: /root/zkml_test/BHExecutionNode/meta/FakeSign-1735451941/5/node_0/1-chunk.json
[2024-12-29 06:00:56] [STORAGE] [BHExecutionNode] EC Decoder decode data success...
[2024-12-29 06:00:56] [STORAGE] [BHExecutionNode] finish replicate the data from Task FakeSign-1735451941 Slot 5
[2024-12-29 06:00:56] [EXECUTION] [BHExecutionNode] Receive Undetermined Slot, Sign: FakeSign-1735451941, Slot: 5
[2024-12-29 06:00:56] [EXECUTION] [BHExecutionNode] Update Undetermined Slot, Sign: FakeSign-1735451941, Slot: 5, Hash: FakeSign-1735451941_5_0
[2024-12-29 06:01:12] [EXECUTION] [BHExecutionNode] Update Finalized Slot, Sign: FakeSign-1735451941, Slot: 5, Hash: FakeSign-1735451941_5_0
