[2024-12-29 05:10:16] [INFO] [BHExecutionNode] Init Storager from config, storage_path: /root/zkml_test/BHExecutionNode/meta
[2024-12-29 05:10:17] [WARNING] [BHExecutionNode] 127.0.0.1:1235 can not ping,try again!
[2024-12-29 05:10:17] [INFO] [BHExecutionNode] Init Processor with model from /root/zkml_test/BHExecutionNode/model
[2024-12-29 05:10:38] [INFO] [BHExecutionNode] Model successfully loaded from: /root/zkml_test/BHExecutionNode/model/CTGAN/test
[2024-12-29 05:10:40] [ERROR] [BHExecutionNode] Worker encountered an error: 
[2024-12-29 05:10:40] [ERROR] [BHExecutionNode] Worker encountered an error: 
[2024-12-29 05:10:41] [ERROR] [BHExecutionNode] Worker encountered an error: 
[2024-12-29 05:10:41] [ERROR] [BHExecutionNode] Worker encountered an error: 
[2024-12-29 05:10:42] [ERROR] [BHExecutionNode] Worker encountered an error: 
[2024-12-29 05:10:43] [ERROR] [BHExecutionNode] Worker encountered an error: 
[2024-12-29 05:10:43] [ERROR] [BHExecutionNode] Worker encountered an error: 
[2024-12-29 05:10:44] [ERROR] [BHExecutionNode] Worker encountered an error: 
[2024-12-29 05:10:45] [ERROR] [BHExecutionNode] Worker encountered an error: 
[2024-12-29 05:10:45] [ERROR] [BHExecutionNode] Worker encountered an error: 
[2024-12-29 05:10:46] [ERROR] [BHExecutionNode] Worker encountered an error: 
[2024-12-29 05:10:46] [ERROR] [BHExecutionNode] Worker encountered an error: 
[2024-12-29 05:10:47] [ERROR] [BHExecutionNode] Worker encountered an error: 
[2024-12-29 05:10:47] [ERROR] [BHExecutionNode] Worker encountered an error: 
[2024-12-29 05:10:48] [ERROR] [BHExecutionNode] Worker encountered an error: 
[2024-12-29 05:10:48] [ERROR] [BHExecutionNode] Worker encountered an error: 
[2024-12-29 05:10:49] [ERROR] [BHExecutionNode] Worker encountered an error: 
[2024-12-29 05:10:50] [ERROR] [BHExecutionNode] Worker encountered an error: 
[2024-12-29 05:10:51] [ERROR] [BHExecutionNode] Worker encountered an error: 
[2024-12-29 05:10:52] [ERROR] [BHExecutionNode] Worker encountered an error: 
[2024-12-29 05:10:53] [ERROR] [BHExecutionNode] Worker encountered an error: 
[2024-12-29 05:10:53] [ERROR] [BHExecutionNode] Worker encountered an error: 
[2024-12-29 05:10:54] [ERROR] [BHExecutionNode] Worker encountered an error: 
[2024-12-29 05:10:55] [ERROR] [BHExecutionNode] Worker encountered an error: 
[2024-12-29 05:10:55] [ERROR] [BHExecutionNode] Worker encountered an error: 
[2024-12-29 05:10:56] [ERROR] [BHExecutionNode] Worker encountered an error: 
[2024-12-29 05:10:56] [ERROR] [BHExecutionNode] Worker encountered an error: 
[2024-12-29 05:10:57] [ERROR] [BHExecutionNode] Worker encountered an error: 
[2024-12-29 05:10:57] [ERROR] [BHExecutionNode] Worker encountered an error: 
[2024-12-29 05:10:59] [ERROR] [BHExecutionNode] Worker encountered an error: 
[2024-12-29 05:10:59] [ERROR] [BHExecutionNode] Worker encountered an error: 
[2024-12-29 05:11:00] [ERROR] [BHExecutionNode] Worker encountered an error: 
[2024-12-29 05:11:00] [ERROR] [BHExecutionNode] Worker encountered an error: 
[2024-12-29 05:11:01] [ERROR] [BHExecutionNode] Worker encountered an error: 
[2024-12-29 05:11:02] [ERROR] [BHExecutionNode] Worker encountered an error: 
[2024-12-29 05:11:02] [ERROR] [BHExecutionNode] Worker encountered an error: 
[2024-12-29 05:11:03] [ERROR] [BHExecutionNode] Worker encountered an error: 
[2024-12-29 05:11:04] [ERROR] [BHExecutionNode] Worker encountered an error: 
[2024-12-29 05:11:04] [ERROR] [BHExecutionNode] Worker encountered an error: 
[2024-12-29 05:11:05] [ERROR] [BHExecutionNode] Worker encountered an error: 
[2024-12-29 05:11:06] [ERROR] [BHExecutionNode] Worker encountered an error: 
[2024-12-29 05:11:06] [ERROR] [BHExecutionNode] Worker encountered an error: 
[2024-12-29 05:11:07] [ERROR] [BHExecutionNode] Worker encountered an error: 
[2024-12-29 05:11:07] [ERROR] [BHExecutionNode] Worker encountered an error: 
[2024-12-29 05:11:09] [ERROR] [BHExecutionNode] Worker encountered an error: 
[2024-12-29 05:11:09] [ERROR] [BHExecutionNode] Worker encountered an error: 
[2024-12-29 05:11:11] [ERROR] [BHExecutionNode] Worker encountered an error: 
[2024-12-29 05:11:11] [ERROR] [BHExecutionNode] Worker encountered an error: 
[2024-12-29 05:11:12] [ERROR] [BHExecutionNode] Worker encountered an error: 
[2024-12-29 05:11:13] [ERROR] [BHExecutionNode] Worker encountered an error: 
[2024-12-29 05:11:13] [ERROR] [BHExecutionNode] Worker encountered an error: 
[2024-12-29 05:11:14] [ERROR] [BHExecutionNode] Worker encountered an error: 
[2024-12-29 05:11:14] [ERROR] [BHExecutionNode] Worker encountered an error: 
[2024-12-29 05:11:16] [ERROR] [BHExecutionNode] Worker encountered an error: 
[2024-12-29 05:11:16] [ERROR] [BHExecutionNode] Worker encountered an error: 
[2024-12-29 05:11:17] [ERROR] [BHExecutionNode] Worker encountered an error: 
[2024-12-29 05:11:17] [ERROR] [BHExecutionNode] Worker encountered an error: 
[2024-12-29 05:11:19] [ERROR] [BHExecutionNode] Worker encountered an error: 
[2024-12-29 05:11:19] [ERROR] [BHExecutionNode] Worker encountered an error: 
[2024-12-29 05:11:20] [ERROR] [BHExecutionNode] Worker encountered an error: 
[2024-12-29 05:11:20] [ERROR] [BHExecutionNode] Worker encountered an error: 
[2024-12-29 05:11:21] [ERROR] [BHExecutionNode] Worker encountered an error: 
[2024-12-29 05:11:22] [ERROR] [BHExecutionNode] Worker encountered an error: 
[2024-12-29 05:11:22] [ERROR] [BHExecutionNode] Worker encountered an error: 
[2024-12-29 05:11:23] [ERROR] [BHExecutionNode] Worker encountered an error: 
[2024-12-29 05:11:23] [ERROR] [BHExecutionNode] Worker encountered an error: 
[2024-12-29 05:11:24] [ERROR] [BHExecutionNode] Worker encountered an error: 
[2024-12-29 05:11:24] [ERROR] [BHExecutionNode] Worker encountered an error: 
[2024-12-29 05:11:25] [ERROR] [BHExecutionNode] Worker encountered an error: 
[2024-12-29 05:11:26] [ERROR] [BHExecutionNode] Worker encountered an error: 
[2024-12-29 05:11:26] [ERROR] [BHExecutionNode] Worker encountered an error: 
[2024-12-29 05:11:27] [ERROR] [BHExecutionNode] Worker encountered an error: 
