[2024-12-24 09:08:34] [INFO] [BHExecutionNode] Init Storager from config, storage_path: /root/zkml_test/BHExecutionNode/meta
[2024-12-24 09:08:34] [INFO] [BHExecutionNode] BHExecutionNode load config...
[2024-12-24 09:08:34] [INFO] [BHExecutionNode] BHExecution Node Start...
[2024-12-24 09:08:34] [ERROR] [BHExecutionNode] 127.0.0.1:1235 can not ping,try again!
[2024-12-24 09:08:41] [INFO] [BHExecutionNode] Init Processor with model ctgan from /root/zkml_test/BHExecutionNode/model
[2024-12-24 09:08:50] [INFO] [BHExecutionNode] Model successfully loaded from: /root/zkml_test/BHExecutionNode/model/ctgan/test
[2024-12-24 09:08:51] [INFO] [BHExecutionNode] CTGAN_Model_Instance generated output, size: 50
[2024-12-24 09:08:51] [EXECUTION] [BHExecutionNode] Generate output with model ctgan, sample size: 50, output size: 50
[2024-12-24 09:08:51] [EXECUTION] [BHExecutionNode] process Task FakeSign-1735031320 Slot 0 finished
[2024-12-24 09:08:51] [INFO] [BHExecutionNode] EC Encoder encode dataframe to encoded chunks, len(dataframe)=50, len(data_chunks)=6, len(encoded_chunks)=9, padding_size=5
[2024-12-24 09:08:51] [STORAGE] [BHExecutionNode] Chunk stored locally: /root/zkml_test/BHExecutionNode/meta/FakeSign-1735031320/0/node_0/8-chunk.json
[2024-12-24 09:08:51] [STORAGE] [BHExecutionNode] EC Decoder decode data success...
[2024-12-24 09:08:51] [STORAGE] [BHExecutionNode] finish replicate the data from Task FakeSign-1735031320 Slot 0
[2024-12-24 09:09:01] [INFO] [BHExecutionNode] CTGAN_Model_Instance generated output, size: 50
[2024-12-24 09:09:01] [EXECUTION] [BHExecutionNode] Generate output with model ctgan, sample size: 50, output size: 50
[2024-12-24 09:09:01] [EXECUTION] [BHExecutionNode] process Task FakeSign-1735031320 Slot 1 finished
[2024-12-24 09:09:01] [INFO] [BHExecutionNode] EC Encoder encode dataframe to encoded chunks, len(dataframe)=50, len(data_chunks)=6, len(encoded_chunks)=9, padding_size=0
[2024-12-24 09:09:02] [STORAGE] [BHExecutionNode] Chunk stored locally: /root/zkml_test/BHExecutionNode/meta/FakeSign-1735031320/1/node_0/7-chunk.json
[2024-12-24 09:09:02] [STORAGE] [BHExecutionNode] EC Decoder decode data success...
[2024-12-24 09:09:02] [STORAGE] [BHExecutionNode] finish replicate the data from Task FakeSign-1735031320 Slot 1
[2024-12-24 09:09:02] [ERROR] [BHExecutionNode] 127.0.0.1:1235 can not ping,try again!
[2024-12-24 09:09:07] [ERROR] [BHExecutionNode] faild to commit slot because of <_InactiveRpcError of RPC that terminated with:
	status = StatusCode.DEADLINE_EXCEEDED
	details = "Deadline Exceeded"
	debug_error_string = "UNKNOWN:Deadline Exceeded {created_time:"2024-12-24T09:09:07.137540561+00:00", grpc_status:4}"
>
[2024-12-24 09:10:13] [ERROR] [BHExecutionNode] 127.0.0.1:1235 can not ping,try again!
