[2024-12-25 06:19:22] [INFO] [BHExecutionNode] Init Storager from config, storage_path: /root/zkml_test/BHExecutionNode/meta
[2024-12-25 06:19:22] [INFO] [BHExecutionNode] BHExecutionNode load config...
[2024-12-25 06:19:22] [INFO] [BHExecutionNode] BHExecution Node Start...
[2024-12-25 06:19:22] [WARNING] [BHExecutionNode] 127.0.0.1:1235 can not ping,try again!
[2024-12-25 06:19:40] [INFO] [BHExecutionNode] Init Processor with model ctgan from /root/zkml_test/BHExecutionNode/model
[2024-12-25 06:19:51] [INFO] [BHExecutionNode] Model successfully loaded from: /root/zkml_test/BHExecutionNode/model/ctgan/test
[2024-12-25 06:19:53] [INFO] [BHExecutionNode] CTGAN_Model_Instance generated output, size: 50
[2024-12-25 06:19:53] [EXECUTION] [BHExecutionNode] Generate output with model ctgan, sample size: 50, output size: 50
[2024-12-25 06:19:53] [EXECUTION] [BHExecutionNode] process Task FakeSign-1735107580 Slot 0 finished
[2024-12-25 06:19:53] [INFO] [BHExecutionNode] EC Encoder encode dataframe to encoded chunks, len(dataframe)=50, len(data_chunks)=6, len(encoded_chunks)=9, padding_size=5
[2024-12-25 06:19:53] [STORAGE] [BHExecutionNode] Chunk stored locally: /root/zkml_test/BHExecutionNode/meta/FakeSign-1735107580/0/node_0/1-chunk.json
[2024-12-25 06:19:54] [STORAGE] [BHExecutionNode] EC Decoder decode data success...
[2024-12-25 06:19:54] [STORAGE] [BHExecutionNode] finish replicate the data from Task FakeSign-1735107580 Slot 0
[2024-12-25 06:20:22] [INFO] [BHExecutionNode] CTGAN_Model_Instance generated output, size: 50
[2024-12-25 06:20:22] [EXECUTION] [BHExecutionNode] Generate output with model ctgan, sample size: 50, output size: 50
[2024-12-25 06:20:22] [EXECUTION] [BHExecutionNode] process Task FakeSign-1735107580 Slot 1 finished
[2024-12-25 06:20:22] [INFO] [BHExecutionNode] EC Encoder encode dataframe to encoded chunks, len(dataframe)=50, len(data_chunks)=6, len(encoded_chunks)=9, padding_size=3
[2024-12-25 06:20:22] [STORAGE] [BHExecutionNode] Chunk stored locally: /root/zkml_test/BHExecutionNode/meta/FakeSign-1735107580/1/node_0/0-chunk.json
[2024-12-25 06:20:22] [STORAGE] [BHExecutionNode] EC Decoder decode data success...
[2024-12-25 06:20:22] [STORAGE] [BHExecutionNode] finish replicate the data from Task FakeSign-1735107580 Slot 1
[2024-12-25 06:21:02] [INFO] [BHExecutionNode] CTGAN_Model_Instance generated output, size: 50
[2024-12-25 06:21:02] [EXECUTION] [BHExecutionNode] Generate output with model ctgan, sample size: 50, output size: 50
[2024-12-25 06:21:02] [EXECUTION] [BHExecutionNode] process Task FakeSign-1735107580 Slot 2 finished
[2024-12-25 06:21:02] [INFO] [BHExecutionNode] EC Encoder encode dataframe to encoded chunks, len(dataframe)=50, len(data_chunks)=6, len(encoded_chunks)=9, padding_size=2
[2024-12-25 06:21:02] [STORAGE] [BHExecutionNode] Chunk stored locally: /root/zkml_test/BHExecutionNode/meta/FakeSign-1735107580/2/node_0/2-chunk.json
[2024-12-25 06:21:02] [STORAGE] [BHExecutionNode] EC Decoder decode data success...
[2024-12-25 06:21:02] [STORAGE] [BHExecutionNode] finish replicate the data from Task FakeSign-1735107580 Slot 2
[2024-12-25 06:21:42] [INFO] [BHExecutionNode] CTGAN_Model_Instance generated output, size: 50
[2024-12-25 06:21:42] [EXECUTION] [BHExecutionNode] Generate output with model ctgan, sample size: 50, output size: 50
[2024-12-25 06:21:42] [EXECUTION] [BHExecutionNode] process Task FakeSign-1735107580 Slot 3 finished
[2024-12-25 06:21:42] [INFO] [BHExecutionNode] EC Encoder encode dataframe to encoded chunks, len(dataframe)=50, len(data_chunks)=6, len(encoded_chunks)=9, padding_size=0
[2024-12-25 06:21:42] [STORAGE] [BHExecutionNode] Chunk stored locally: /root/zkml_test/BHExecutionNode/meta/FakeSign-1735107580/3/node_0/0-chunk.json
[2024-12-25 06:21:42] [STORAGE] [BHExecutionNode] EC Decoder decode data success...
[2024-12-25 06:21:42] [STORAGE] [BHExecutionNode] finish replicate the data from Task FakeSign-1735107580 Slot 3
[2024-12-25 06:22:22] [INFO] [BHExecutionNode] CTGAN_Model_Instance generated output, size: 50
[2024-12-25 06:22:22] [EXECUTION] [BHExecutionNode] Generate output with model ctgan, sample size: 50, output size: 50
[2024-12-25 06:22:22] [EXECUTION] [BHExecutionNode] process Task FakeSign-1735107580 Slot 4 finished
[2024-12-25 06:22:22] [INFO] [BHExecutionNode] EC Encoder encode dataframe to encoded chunks, len(dataframe)=50, len(data_chunks)=6, len(encoded_chunks)=9, padding_size=3
[2024-12-25 06:22:22] [STORAGE] [BHExecutionNode] Chunk stored locally: /root/zkml_test/BHExecutionNode/meta/FakeSign-1735107580/4/node_0/6-chunk.json
[2024-12-25 06:22:22] [STORAGE] [BHExecutionNode] EC Decoder decode data success...
[2024-12-25 06:22:22] [STORAGE] [BHExecutionNode] finish replicate the data from Task FakeSign-1735107580 Slot 4
