[2024-12-29 05:28:12] [INFO] [BHExecutionNode] Init Storager from config, storage_path: /root/zkml_test/BHExecutionNode/meta
[2024-12-29 05:28:12] [WARNING] [BHExecutionNode] 127.0.0.1:1235 can not ping,try again!
[2024-12-29 05:28:12] [INFO] [BHExecutionNode] Init Processor with model from /root/zkml_test/BHExecutionNode/model
[2024-12-29 05:28:31] [INFO] [BHExecutionNode] Model successfully loaded from: /root/zkml_test/BHExecutionNode/model/CTGAN/test
[2024-12-29 05:28:45] [EXECUTION] [BHExecutionNode] Receive New Task, Sign: FakeSign-1735450124, Slot: 0
[2024-12-29 05:28:45] [EXECUTION] [BHExecutionNode] Receive Unprocessed Slot, Sign: FakeSign-1735450124, Slot: 0
[2024-12-29 05:28:53] [INFO] [BHExecutionNode] CTGAN_Model_Instance generated output, size: 10
[2024-12-29 05:28:53] [INFO] [BHExecutionNode] EC Encoder encode dataframe to encoded chunks, len(dataframe)=10, len(data_chunks)=6, len(encoded_chunks)=9, padding_size=5
[2024-12-29 05:28:53] [STORAGE] [BHExecutionNode] Chunk stored locally: /root/zkml_test/BHExecutionNode/meta/FakeSign-1735450124/0/node_0/1-chunk.json
[2024-12-29 05:28:54] [STORAGE] [BHExecutionNode] EC Decoder decode data success...
[2024-12-29 05:28:54] [STORAGE] [BHExecutionNode] finish replicate the data from Task FakeSign-1735450124 Slot 0
[2024-12-29 05:28:54] [EXECUTION] [BHExecutionNode] Receive Undetermined Slot, Sign: FakeSign-1735450124, Slot: 0
[2024-12-29 05:28:54] [ERROR] [BHExecutionNode] faild to commit slot because of '0' has type str, but expected one of: int
[2024-12-29 05:35:00] [EXECUTION] [BHExecutionNode] Receive New Task, Sign: FakeSign-1735450499, Slot: 
[2024-12-29 05:35:00] [EXECUTION] [BHExecutionNode] Receive Unprocessed Slot, Sign: FakeSign-1735450499, Slot: 
[2024-12-29 05:35:10] [INFO] [BHExecutionNode] CTGAN_Model_Instance generated output, size: 10
[2024-12-29 05:35:10] [INFO] [BHExecutionNode] EC Encoder encode dataframe to encoded chunks, len(dataframe)=10, len(data_chunks)=6, len(encoded_chunks)=9, padding_size=5
[2024-12-29 05:35:10] [STORAGE] [BHExecutionNode] Chunk stored locally: /root/zkml_test/BHExecutionNode/meta/FakeSign-1735450499/node_0/5-chunk.json
[2024-12-29 05:35:10] [STORAGE] [BHExecutionNode] EC Decoder decode data success...
[2024-12-29 05:35:10] [STORAGE] [BHExecutionNode] finish replicate the data from Task FakeSign-1735450499 Slot 
[2024-12-29 05:35:11] [EXECUTION] [BHExecutionNode] Receive Undetermined Slot, Sign: FakeSign-1735450499, Slot: 
[2024-12-29 05:35:11] [ERROR] [BHExecutionNode] faild to commit slot because of '' has type str, but expected one of: int
