[2024-12-25 07:50:52] [INFO] [BHExecutionNode] Init Storager from config, storage_path: /root/zkml_test/BHExecutionNode/meta
[2024-12-25 07:50:52] [INFO] [BHExecutionNode] BHExecutionNode load config...
[2024-12-25 07:50:52] [INFO] [BHExecutionNode] BHExecution Node Start...
[2024-12-25 07:50:52] [WARNING] [BHExecutionNode] 127.0.0.1:1235 can not ping,try again!
[2024-12-25 07:50:53] [INFO] [BHExecutionNode] Init Processor with model ctgan from /root/zkml_test/BHExecutionNode/model
[2024-12-25 07:51:01] [INFO] [BHExecutionNode] Model successfully loaded from: /root/zkml_test/BHExecutionNode/model/ctgan/test
[2024-12-25 07:51:03] [INFO] [BHExecutionNode] CTGAN_Model_Instance generated output, size: 50
[2024-12-25 07:51:03] [EXECUTION] [BHExecutionNode] Generate output with model ctgan, sample size: 50, output size: 50
[2024-12-25 07:51:03] [EXECUTION] [BHExecutionNode] process Task FakeSign-1735113053 Slot 0 finished
[2024-12-25 07:51:03] [INFO] [BHExecutionNode] EC Encoder encode dataframe to encoded chunks, len(dataframe)=50, len(data_chunks)=6, len(encoded_chunks)=9, padding_size=0
[2024-12-25 07:51:03] [STORAGE] [BHExecutionNode] Chunk stored locally: /root/zkml_test/BHExecutionNode/meta/FakeSign-1735113053/0/node_0/8-chunk.json
[2024-12-25 07:51:03] [STORAGE] [BHExecutionNode] EC Decoder decode data success...
[2024-12-25 07:51:03] [STORAGE] [BHExecutionNode] finish replicate the data from Task FakeSign-1735113053 Slot 0
[2024-12-25 07:57:17] [INFO] [BHExecutionNode] Init Processor with model ctgan from /root/zkml_test/BHExecutionNode/model
[2024-12-25 07:57:18] [INFO] [BHExecutionNode] Model successfully loaded from: /root/zkml_test/BHExecutionNode/model/ctgan/test
[2024-12-25 07:57:19] [INFO] [BHExecutionNode] CTGAN_Model_Instance generated output, size: 50
[2024-12-25 07:57:19] [EXECUTION] [BHExecutionNode] Generate output with model ctgan, sample size: 50, output size: 50
[2024-12-25 07:57:19] [EXECUTION] [BHExecutionNode] process Task FakeSign-1735113437 Slot 0 finished
[2024-12-25 07:57:19] [INFO] [BHExecutionNode] EC Encoder encode dataframe to encoded chunks, len(dataframe)=50, len(data_chunks)=6, len(encoded_chunks)=9, padding_size=3
[2024-12-25 07:57:19] [STORAGE] [BHExecutionNode] Chunk stored locally: /root/zkml_test/BHExecutionNode/meta/FakeSign-1735113437/0/node_0/2-chunk.json
[2024-12-25 07:57:20] [STORAGE] [BHExecutionNode] EC Decoder decode data success...
[2024-12-25 07:57:20] [STORAGE] [BHExecutionNode] finish replicate the data from Task FakeSign-1735113437 Slot 0
