[2024-12-25 06:10:48] [INFO] [BHExecutionNode] Init Storager from config, storage_path: /root/zkml_test/BHExecutionNode/meta
[2024-12-25 06:10:48] [INFO] [BHExecutionNode] BHExecutionNode load config...
[2024-12-25 06:10:48] [INFO] [BHExecutionNode] BHExecution Node Start...
[2024-12-25 06:10:49] [WARNING] [BHExecutionNode] 127.0.0.1:1235 can not ping,try again!
[2024-12-25 06:10:53] [INFO] [BHExecutionNode] Init Processor with model ctgan from /root/zkml_test/BHExecutionNode/model
[2024-12-25 06:11:05] [INFO] [BHExecutionNode] Model successfully loaded from: /root/zkml_test/BHExecutionNode/model/ctgan/test
[2024-12-25 06:11:08] [INFO] [BHExecutionNode] CTGAN_Model_Instance generated output, size: 50
[2024-12-25 06:11:08] [EXECUTION] [BHExecutionNode] Generate output with model ctgan, sample size: 50, output size: 50
[2024-12-25 06:11:08] [EXECUTION] [BHExecutionNode] process Task FakeSign-1735107053 Slot 0 finished
[2024-12-25 06:11:08] [INFO] [BHExecutionNode] EC Encoder encode dataframe to encoded chunks, len(dataframe)=50, len(data_chunks)=6, len(encoded_chunks)=9, padding_size=0
[2024-12-25 06:11:08] [STORAGE] [BHExecutionNode] Chunk stored locally: /root/zkml_test/BHExecutionNode/meta/FakeSign-1735107053/0/node_0/8-chunk.json
[2024-12-25 06:11:08] [STORAGE] [BHExecutionNode] EC Decoder decode data success...
[2024-12-25 06:11:08] [STORAGE] [BHExecutionNode] finish replicate the data from Task FakeSign-1735107053 Slot 0
[2024-12-25 06:11:14] [INFO] [BHExecutionNode] CTGAN_Model_Instance generated output, size: 50
[2024-12-25 06:11:14] [EXECUTION] [BHExecutionNode] Generate output with model ctgan, sample size: 50, output size: 50
[2024-12-25 06:11:15] [EXECUTION] [BHExecutionNode] process Task FakeSign-1735107053 Slot 1 finished
[2024-12-25 06:11:15] [INFO] [BHExecutionNode] EC Encoder encode dataframe to encoded chunks, len(dataframe)=50, len(data_chunks)=6, len(encoded_chunks)=9, padding_size=3
[2024-12-25 06:11:15] [STORAGE] [BHExecutionNode] Chunk stored locally: /root/zkml_test/BHExecutionNode/meta/FakeSign-1735107053/1/node_0/3-chunk.json
[2024-12-25 06:11:15] [STORAGE] [BHExecutionNode] EC Decoder decode data success...
[2024-12-25 06:11:15] [STORAGE] [BHExecutionNode] finish replicate the data from Task FakeSign-1735107053 Slot 1
[2024-12-25 06:11:35] [INFO] [BHExecutionNode] CTGAN_Model_Instance generated output, size: 50
[2024-12-25 06:11:35] [EXECUTION] [BHExecutionNode] Generate output with model ctgan, sample size: 50, output size: 50
[2024-12-25 06:11:35] [EXECUTION] [BHExecutionNode] process Task FakeSign-1735107053 Slot 2 finished
[2024-12-25 06:11:35] [INFO] [BHExecutionNode] EC Encoder encode dataframe to encoded chunks, len(dataframe)=50, len(data_chunks)=6, len(encoded_chunks)=9, padding_size=2
[2024-12-25 06:11:35] [STORAGE] [BHExecutionNode] Chunk stored locally: /root/zkml_test/BHExecutionNode/meta/FakeSign-1735107053/2/node_0/0-chunk.json
[2024-12-25 06:11:35] [STORAGE] [BHExecutionNode] EC Decoder decode data success...
[2024-12-25 06:11:35] [STORAGE] [BHExecutionNode] finish replicate the data from Task FakeSign-1735107053 Slot 2
[2024-12-25 06:11:55] [INFO] [BHExecutionNode] CTGAN_Model_Instance generated output, size: 50
[2024-12-25 06:11:55] [EXECUTION] [BHExecutionNode] Generate output with model ctgan, sample size: 50, output size: 50
[2024-12-25 06:11:55] [EXECUTION] [BHExecutionNode] process Task FakeSign-1735107053 Slot 3 finished
[2024-12-25 06:11:55] [INFO] [BHExecutionNode] EC Encoder encode dataframe to encoded chunks, len(dataframe)=50, len(data_chunks)=6, len(encoded_chunks)=9, padding_size=3
[2024-12-25 06:11:55] [STORAGE] [BHExecutionNode] Chunk stored locally: /root/zkml_test/BHExecutionNode/meta/FakeSign-1735107053/3/node_0/0-chunk.json
[2024-12-25 06:11:55] [STORAGE] [BHExecutionNode] EC Decoder decode data success...
[2024-12-25 06:11:55] [STORAGE] [BHExecutionNode] finish replicate the data from Task FakeSign-1735107053 Slot 3
[2024-12-25 06:12:14] [INFO] [BHExecutionNode] CTGAN_Model_Instance generated output, size: 50
[2024-12-25 06:12:14] [EXECUTION] [BHExecutionNode] Generate output with model ctgan, sample size: 50, output size: 50
[2024-12-25 06:12:14] [EXECUTION] [BHExecutionNode] process Task FakeSign-1735107053 Slot 4 finished
[2024-12-25 06:12:15] [INFO] [BHExecutionNode] EC Encoder encode dataframe to encoded chunks, len(dataframe)=50, len(data_chunks)=6, len(encoded_chunks)=9, padding_size=1
[2024-12-25 06:12:15] [STORAGE] [BHExecutionNode] Chunk stored locally: /root/zkml_test/BHExecutionNode/meta/FakeSign-1735107053/4/node_0/4-chunk.json
[2024-12-25 06:12:15] [STORAGE] [BHExecutionNode] EC Decoder decode data success...
[2024-12-25 06:12:15] [STORAGE] [BHExecutionNode] finish replicate the data from Task FakeSign-1735107053 Slot 4
[2024-12-25 06:12:35] [INFO] [BHExecutionNode] CTGAN_Model_Instance generated output, size: 50
[2024-12-25 06:12:35] [EXECUTION] [BHExecutionNode] Generate output with model ctgan, sample size: 50, output size: 50
[2024-12-25 06:12:35] [EXECUTION] [BHExecutionNode] process Task FakeSign-1735107053 Slot 5 finished
[2024-12-25 06:12:35] [INFO] [BHExecutionNode] EC Encoder encode dataframe to encoded chunks, len(dataframe)=50, len(data_chunks)=6, len(encoded_chunks)=9, padding_size=2
[2024-12-25 06:12:35] [STORAGE] [BHExecutionNode] Chunk stored locally: /root/zkml_test/BHExecutionNode/meta/FakeSign-1735107053/5/node_0/6-chunk.json
[2024-12-25 06:12:35] [STORAGE] [BHExecutionNode] EC Decoder decode data success...
[2024-12-25 06:12:35] [STORAGE] [BHExecutionNode] finish replicate the data from Task FakeSign-1735107053 Slot 5
[2024-12-25 06:12:55] [INFO] [BHExecutionNode] CTGAN_Model_Instance generated output, size: 50
[2024-12-25 06:12:55] [EXECUTION] [BHExecutionNode] Generate output with model ctgan, sample size: 50, output size: 50
[2024-12-25 06:12:55] [EXECUTION] [BHExecutionNode] process Task FakeSign-1735107053 Slot 6 finished
[2024-12-25 06:12:55] [INFO] [BHExecutionNode] EC Encoder encode dataframe to encoded chunks, len(dataframe)=50, len(data_chunks)=6, len(encoded_chunks)=9, padding_size=5
[2024-12-25 06:12:55] [STORAGE] [BHExecutionNode] Chunk stored locally: /root/zkml_test/BHExecutionNode/meta/FakeSign-1735107053/6/node_0/7-chunk.json
[2024-12-25 06:12:55] [STORAGE] [BHExecutionNode] EC Decoder decode data success...
[2024-12-25 06:12:55] [STORAGE] [BHExecutionNode] finish replicate the data from Task FakeSign-1735107053 Slot 6
[2024-12-25 06:13:15] [INFO] [BHExecutionNode] CTGAN_Model_Instance generated output, size: 50
[2024-12-25 06:13:15] [EXECUTION] [BHExecutionNode] Generate output with model ctgan, sample size: 50, output size: 50
[2024-12-25 06:13:15] [EXECUTION] [BHExecutionNode] process Task FakeSign-1735107053 Slot 7 finished
[2024-12-25 06:13:15] [INFO] [BHExecutionNode] EC Encoder encode dataframe to encoded chunks, len(dataframe)=50, len(data_chunks)=6, len(encoded_chunks)=9, padding_size=0
[2024-12-25 06:13:15] [STORAGE] [BHExecutionNode] Chunk stored locally: /root/zkml_test/BHExecutionNode/meta/FakeSign-1735107053/7/node_0/0-chunk.json
[2024-12-25 06:13:15] [STORAGE] [BHExecutionNode] EC Decoder decode data success...
[2024-12-25 06:13:15] [STORAGE] [BHExecutionNode] finish replicate the data from Task FakeSign-1735107053 Slot 7
[2024-12-25 06:13:35] [INFO] [BHExecutionNode] CTGAN_Model_Instance generated output, size: 50
[2024-12-25 06:13:35] [EXECUTION] [BHExecutionNode] Generate output with model ctgan, sample size: 50, output size: 50
[2024-12-25 06:13:35] [EXECUTION] [BHExecutionNode] process Task FakeSign-1735107053 Slot 8 finished
[2024-12-25 06:13:35] [INFO] [BHExecutionNode] EC Encoder encode dataframe to encoded chunks, len(dataframe)=50, len(data_chunks)=6, len(encoded_chunks)=9, padding_size=5
[2024-12-25 06:13:35] [STORAGE] [BHExecutionNode] Chunk stored locally: /root/zkml_test/BHExecutionNode/meta/FakeSign-1735107053/8/node_0/7-chunk.json
[2024-12-25 06:13:35] [STORAGE] [BHExecutionNode] EC Decoder decode data success...
[2024-12-25 06:13:35] [STORAGE] [BHExecutionNode] finish replicate the data from Task FakeSign-1735107053 Slot 8
[2024-12-25 06:13:43] [INFO] [BHExecutionNode] Init Processor with model ctgan from /root/zkml_test/BHExecutionNode/model
[2024-12-25 06:13:44] [INFO] [BHExecutionNode] Model successfully loaded from: /root/zkml_test/BHExecutionNode/model/ctgan/test
[2024-12-25 06:13:45] [INFO] [BHExecutionNode] CTGAN_Model_Instance generated output, size: 50
[2024-12-25 06:13:45] [EXECUTION] [BHExecutionNode] Generate output with model ctgan, sample size: 50, output size: 50
[2024-12-25 06:13:45] [EXECUTION] [BHExecutionNode] process Task FakeSign-1735107223 Slot 0 finished
[2024-12-25 06:13:45] [INFO] [BHExecutionNode] EC Encoder encode dataframe to encoded chunks, len(dataframe)=50, len(data_chunks)=6, len(encoded_chunks)=9, padding_size=2
[2024-12-25 06:13:46] [STORAGE] [BHExecutionNode] Chunk stored locally: /root/zkml_test/BHExecutionNode/meta/FakeSign-1735107223/0/node_0/3-chunk.json
[2024-12-25 06:13:46] [STORAGE] [BHExecutionNode] EC Decoder decode data success...
[2024-12-25 06:13:46] [STORAGE] [BHExecutionNode] finish replicate the data from Task FakeSign-1735107223 Slot 0
[2024-12-25 06:14:25] [INFO] [BHExecutionNode] CTGAN_Model_Instance generated output, size: 50
[2024-12-25 06:14:25] [EXECUTION] [BHExecutionNode] Generate output with model ctgan, sample size: 50, output size: 50
[2024-12-25 06:14:25] [EXECUTION] [BHExecutionNode] process Task FakeSign-1735107223 Slot 1 finished
[2024-12-25 06:14:25] [INFO] [BHExecutionNode] EC Encoder encode dataframe to encoded chunks, len(dataframe)=50, len(data_chunks)=6, len(encoded_chunks)=9, padding_size=3
[2024-12-25 06:14:25] [STORAGE] [BHExecutionNode] Chunk stored locally: /root/zkml_test/BHExecutionNode/meta/FakeSign-1735107223/1/node_0/5-chunk.json
[2024-12-25 06:14:25] [STORAGE] [BHExecutionNode] EC Decoder decode data success...
[2024-12-25 06:14:25] [STORAGE] [BHExecutionNode] finish replicate the data from Task FakeSign-1735107223 Slot 1
