[2024-12-24 08:32:57] [INFO] [BHExecutionNode] Init Storager from config, storage_path: /root/zkml_test/BHExecutionNode/meta
[2024-12-24 08:32:57] [INFO] [BHExecutionNode] BHExecutionNode load config...
[2024-12-24 08:32:57] [INFO] [BHExecutionNode] BHExecution Node Start...
[2024-12-24 08:32:57] [ERROR] [BHExecutionNode] 127.0.0.1:1235 can not ping,try again!
[2024-12-24 08:33:07] [INFO] [BHExecutionNode] Init Processor with model ctgan from /root/zkml_test/BHExecutionNode/model
[2024-12-24 08:33:14] [INFO] [BHExecutionNode] Model successfully loaded from: /root/zkml_test/BHExecutionNode/model/ctgan/test
[2024-12-24 08:33:15] [INFO] [BHExecutionNode] CTGAN_Model_Instance generated output, size: 50
[2024-12-24 08:33:15] [EXECUTION] [BHExecutionNode] Generate output with model ctgan, sample size: 50, output size: 50
[2024-12-24 08:33:15] [EXECUTION] [BHExecutionNode] process Task FakeSign-1735029187 Slot 0 finished
[2024-12-24 08:33:15] [INFO] [BHExecutionNode] EC Encoder encode dataframe to encoded chunks, len(dataframe)=50, len(data_chunks)=6, len(encoded_chunks)=9, padding_size=5
[2024-12-24 08:33:15] [STORAGE] [BHExecutionNode] Chunk stored locally: /root/zkml_test/BHExecutionNode/meta/FakeSign-1735029187/0/node_0/7-chunk.json
[2024-12-24 08:33:15] [STORAGE] [BHExecutionNode] EC Decoder decode data success...
[2024-12-24 08:33:15] [STORAGE] [BHExecutionNode] finish replicate the data from Task FakeSign-1735029187 Slot 0
[2024-12-24 08:33:15] [ERROR] [BHExecutionNode] faild to commit slot because of <execution.format.SlotItem object at 0x7f5a9803dc70> has type SlotItem, but expected one of: int
[2024-12-24 08:33:29] [INFO] [BHExecutionNode] CTGAN_Model_Instance generated output, size: 50
[2024-12-24 08:33:29] [EXECUTION] [BHExecutionNode] Generate output with model ctgan, sample size: 50, output size: 50
[2024-12-24 08:33:29] [EXECUTION] [BHExecutionNode] process Task FakeSign-1735029187 Slot 1 finished
[2024-12-24 08:33:29] [INFO] [BHExecutionNode] EC Encoder encode dataframe to encoded chunks, len(dataframe)=50, len(data_chunks)=6, len(encoded_chunks)=9, padding_size=2
[2024-12-24 08:33:29] [STORAGE] [BHExecutionNode] Chunk stored locally: /root/zkml_test/BHExecutionNode/meta/FakeSign-1735029187/1/node_0/5-chunk.json
[2024-12-24 08:33:29] [STORAGE] [BHExecutionNode] EC Decoder decode data success...
[2024-12-24 08:33:29] [STORAGE] [BHExecutionNode] finish replicate the data from Task FakeSign-1735029187 Slot 1
[2024-12-24 08:33:29] [ERROR] [BHExecutionNode] faild to commit slot because of <execution.format.SlotItem object at 0x7f5a6c798100> has type SlotItem, but expected one of: int
[2024-12-24 08:33:49] [INFO] [BHExecutionNode] CTGAN_Model_Instance generated output, size: 50
[2024-12-24 08:33:49] [EXECUTION] [BHExecutionNode] Generate output with model ctgan, sample size: 50, output size: 50
[2024-12-24 08:33:49] [EXECUTION] [BHExecutionNode] process Task FakeSign-1735029187 Slot 2 finished
[2024-12-24 08:33:49] [INFO] [BHExecutionNode] EC Encoder encode dataframe to encoded chunks, len(dataframe)=50, len(data_chunks)=6, len(encoded_chunks)=9, padding_size=2
[2024-12-24 08:33:49] [STORAGE] [BHExecutionNode] Chunk stored locally: /root/zkml_test/BHExecutionNode/meta/FakeSign-1735029187/2/node_0/7-chunk.json
[2024-12-24 08:33:49] [STORAGE] [BHExecutionNode] EC Decoder decode data success...
[2024-12-24 08:33:49] [STORAGE] [BHExecutionNode] finish replicate the data from Task FakeSign-1735029187 Slot 2
[2024-12-24 08:33:49] [ERROR] [BHExecutionNode] faild to commit slot because of <execution.format.SlotItem object at 0x7f5a6c798550> has type SlotItem, but expected one of: int
