[2024-12-20 04:03:47] [INFO] [BHExecutionNode] Init Storager from config, storage_path: /root/zkml_test/BHExecutionNode/meta
[2024-12-20 04:03:47] [INFO] [BHExecutionNode] BHExecutionNode load config...
[2024-12-20 04:03:47] [INFO] [BHExecutionNode] BHExecution Node Start...
[2024-12-20 04:03:47] [ERROR] [BHExecutionNode] 127.0.0.1:1235 can not ping,try again!
[2024-12-20 04:04:02] [INFO] [BHExecutionNode] Init Processor with model ctgan from /root/zkml_test/BHExecutionNode/model
[2024-12-20 04:04:10] [INFO] [BHExecutionNode] Model successfully loaded from: /root/zkml_test/BHExecutionNode/model/ctgan/test
[2024-12-20 04:04:11] [INFO] [BHExecutionNode] CTGAN_Model_Instance generated output, size: 50
[2024-12-20 04:04:11] [EXECUTION] [BHExecutionNode] Generate output with model ctgan, sample size: 50, output size: 50
[2024-12-20 04:04:11] [EXECUTION] [BHExecutionNode] process Task FakeSign-1734667441 Slot 0 finished
[2024-12-20 04:04:11] [INFO] [BHExecutionNode] EC Encoder encode dataframe to encoded chunks, len(dataframe)=50, len(data_chunks)=6, len(encoded_chunks)=9, padding_size=2
[2024-12-20 04:04:11] [STORAGE] [BHExecutionNode] Chunk stored locally: /root/zkml_test/BHExecutionNode/meta/FakeSign-1734667441/0/node_0/6-chunk.json
[2024-12-20 04:04:11] [STORAGE] [BHExecutionNode] EC Decoder decode data success...
[2024-12-20 04:04:11] [STORAGE] [BHExecutionNode] finish replicate the data from Task FakeSign-1734667441 Slot 0
[2024-12-20 04:04:23] [INFO] [BHExecutionNode] CTGAN_Model_Instance generated output, size: 50
[2024-12-20 04:04:23] [EXECUTION] [BHExecutionNode] Generate output with model ctgan, sample size: 50, output size: 50
[2024-12-20 04:04:23] [EXECUTION] [BHExecutionNode] process Task FakeSign-1734667441 Slot 1 finished
[2024-12-20 04:04:23] [INFO] [BHExecutionNode] EC Encoder encode dataframe to encoded chunks, len(dataframe)=50, len(data_chunks)=6, len(encoded_chunks)=9, padding_size=3
[2024-12-20 04:04:23] [STORAGE] [BHExecutionNode] Chunk stored locally: /root/zkml_test/BHExecutionNode/meta/FakeSign-1734667441/1/node_0/3-chunk.json
[2024-12-20 04:04:23] [STORAGE] [BHExecutionNode] EC Decoder decode data success...
[2024-12-20 04:04:23] [STORAGE] [BHExecutionNode] finish replicate the data from Task FakeSign-1734667441 Slot 1
