[2024-12-24 09:32:44] [INFO] [BHExecutionNode] Init Storager from config, storage_path: /root/zkml_test/BHExecutionNode/meta
[2024-12-24 09:32:44] [INFO] [BHExecutionNode] BHExecutionNode load config...
[2024-12-24 09:32:44] [INFO] [BHExecutionNode] BHExecution Node Start...
[2024-12-24 09:32:45] [ERROR] [BHExecutionNode] 127.0.0.1:1235 can not ping,try again!
[2024-12-24 09:32:57] [INFO] [BHExecutionNode] Init Processor with model ctgan from /root/zkml_test/BHExecutionNode/model
[2024-12-24 09:33:09] [INFO] [BHExecutionNode] Model successfully loaded from: /root/zkml_test/BHExecutionNode/model/ctgan/test
[2024-12-24 09:33:12] [INFO] [BHExecutionNode] CTGAN_Model_Instance generated output, size: 50
[2024-12-24 09:33:12] [EXECUTION] [BHExecutionNode] Generate output with model ctgan, sample size: 50, output size: 50
[2024-12-24 09:33:12] [EXECUTION] [BHExecutionNode] process Task FakeSign-1735032776 Slot 0 finished
[2024-12-24 09:33:12] [INFO] [BHExecutionNode] EC Encoder encode dataframe to encoded chunks, len(dataframe)=50, len(data_chunks)=6, len(encoded_chunks)=9, padding_size=1
[2024-12-24 09:33:12] [STORAGE] [BHExecutionNode] Chunk stored locally: /root/zkml_test/BHExecutionNode/meta/FakeSign-1735032776/0/node_0/7-chunk.json
[2024-12-24 09:33:12] [STORAGE] [BHExecutionNode] EC Decoder decode data success...
[2024-12-24 09:33:13] [STORAGE] [BHExecutionNode] finish replicate the data from Task FakeSign-1735032776 Slot 0
[2024-12-24 09:33:19] [INFO] [BHExecutionNode] CTGAN_Model_Instance generated output, size: 50
[2024-12-24 09:33:19] [EXECUTION] [BHExecutionNode] Generate output with model ctgan, sample size: 50, output size: 50
[2024-12-24 09:33:19] [EXECUTION] [BHExecutionNode] process Task FakeSign-1735032776 Slot 1 finished
[2024-12-24 09:33:19] [INFO] [BHExecutionNode] EC Encoder encode dataframe to encoded chunks, len(dataframe)=50, len(data_chunks)=6, len(encoded_chunks)=9, padding_size=5
[2024-12-24 09:33:19] [STORAGE] [BHExecutionNode] Chunk stored locally: /root/zkml_test/BHExecutionNode/meta/FakeSign-1735032776/1/node_0/4-chunk.json
[2024-12-24 09:33:19] [STORAGE] [BHExecutionNode] EC Decoder decode data success...
[2024-12-24 09:33:19] [STORAGE] [BHExecutionNode] finish replicate the data from Task FakeSign-1735032776 Slot 1
