[2024-12-24 08:40:23] [INFO] [BHExecutionNode] Init Storager from config, storage_path: /root/zkml_test/BHExecutionNode/meta
[2024-12-24 08:40:23] [INFO] [BHExecutionNode] BHExecutionNode load config...
[2024-12-24 08:40:23] [INFO] [BHExecutionNode] BHExecution Node Start...
[2024-12-24 08:40:31] [INFO] [BHExecutionNode] Init Processor with model ctgan from /root/zkml_test/BHExecutionNode/model
[2024-12-24 08:40:39] [INFO] [BHExecutionNode] Model successfully loaded from: /root/zkml_test/BHExecutionNode/model/ctgan/test
[2024-12-24 08:40:40] [INFO] [BHExecutionNode] CTGAN_Model_Instance generated output, size: 50
[2024-12-24 08:40:41] [EXECUTION] [BHExecutionNode] Generate output with model ctgan, sample size: 50, output size: 50
[2024-12-24 08:40:41] [EXECUTION] [BHExecutionNode] process Task FakeSign-1735029611 Slot 1 finished
[2024-12-24 08:40:41] [INFO] [BHExecutionNode] EC Encoder encode dataframe to encoded chunks, len(dataframe)=50, len(data_chunks)=6, len(encoded_chunks)=9, padding_size=5
[2024-12-24 08:40:41] [STORAGE] [BHExecutionNode] Chunk stored locally: /root/zkml_test/BHExecutionNode/meta/FakeSign-1735029611/1/node_0/8-chunk.json
[2024-12-24 08:40:41] [STORAGE] [BHExecutionNode] EC Decoder decode data success...
[2024-12-24 08:40:41] [STORAGE] [BHExecutionNode] finish replicate the data from Task FakeSign-1735029611 Slot 1
[2024-12-24 08:40:41] [ERROR] [BHExecutionNode] faild to commit slot because of 'e46316cadd6d90ac5cba75b349199c0e22472d4851f6c219ca5904ab108a89c2' has type str, but expected one of: bytes
[2024-12-24 08:40:52] [INFO] [BHExecutionNode] CTGAN_Model_Instance generated output, size: 50
[2024-12-24 08:40:52] [EXECUTION] [BHExecutionNode] Generate output with model ctgan, sample size: 50, output size: 50
[2024-12-24 08:40:52] [EXECUTION] [BHExecutionNode] process Task FakeSign-1735029611 Slot 2 finished
[2024-12-24 08:40:52] [INFO] [BHExecutionNode] EC Encoder encode dataframe to encoded chunks, len(dataframe)=50, len(data_chunks)=6, len(encoded_chunks)=9, padding_size=4
[2024-12-24 08:40:52] [STORAGE] [BHExecutionNode] Chunk stored locally: /root/zkml_test/BHExecutionNode/meta/FakeSign-1735029611/2/node_0/4-chunk.json
[2024-12-24 08:40:53] [STORAGE] [BHExecutionNode] EC Decoder decode data success...
[2024-12-24 08:40:53] [STORAGE] [BHExecutionNode] finish replicate the data from Task FakeSign-1735029611 Slot 2
[2024-12-24 08:40:53] [ERROR] [BHExecutionNode] faild to commit slot because of '124b55a57997e3dc6e9909baa895da30b106e208d9155c9d84ab464ebdf74a69' has type str, but expected one of: bytes
