[2024-12-25 06:08:26] [INFO] [BHExecutionNode] Init Storager from config, storage_path: /root/zkml_test/BHExecutionNode/meta
[2024-12-25 06:08:26] [INFO] [BHExecutionNode] BHExecutionNode load config...
[2024-12-25 06:08:26] [INFO] [BHExecutionNode] BHExecution Node Start...
[2024-12-25 06:08:26] [WARNING] [BHExecutionNode] 127.0.0.1:1235 can not ping,try again!
[2024-12-25 06:08:34] [INFO] [BHExecutionNode] Init Processor with model ctgan from /root/zkml_test/BHExecutionNode/model
[2024-12-25 06:08:45] [INFO] [BHExecutionNode] Model successfully loaded from: /root/zkml_test/BHExecutionNode/model/ctgan/test
[2024-12-25 06:08:48] [INFO] [BHExecutionNode] CTGAN_Model_Instance generated output, size: 50
[2024-12-25 06:08:48] [EXECUTION] [BHExecutionNode] Generate output with model ctgan, sample size: 50, output size: 50
[2024-12-25 06:08:48] [EXECUTION] [BHExecutionNode] process Task FakeSign-1735106841 Slot 0 finished
[2024-12-25 06:08:48] [INFO] [BHExecutionNode] EC Encoder encode dataframe to encoded chunks, len(dataframe)=50, len(data_chunks)=6, len(encoded_chunks)=9, padding_size=4
[2024-12-25 06:08:48] [STORAGE] [BHExecutionNode] Chunk stored locally: /root/zkml_test/BHExecutionNode/meta/FakeSign-1735106841/0/node_0/7-chunk.json
[2024-12-25 06:08:48] [STORAGE] [BHExecutionNode] EC Decoder decode data success...
[2024-12-25 06:08:48] [STORAGE] [BHExecutionNode] finish replicate the data from Task FakeSign-1735106841 Slot 0
[2024-12-25 06:09:38] [INFO] [BHExecutionNode] CTGAN_Model_Instance generated output, size: 50
[2024-12-25 06:09:38] [EXECUTION] [BHExecutionNode] Generate output with model ctgan, sample size: 50, output size: 50
[2024-12-25 06:09:38] [EXECUTION] [BHExecutionNode] process Task FakeSign-1735106841 Slot 1 finished
[2024-12-25 06:09:38] [INFO] [BHExecutionNode] EC Encoder encode dataframe to encoded chunks, len(dataframe)=50, len(data_chunks)=6, len(encoded_chunks)=9, padding_size=2
[2024-12-25 06:09:38] [STORAGE] [BHExecutionNode] Chunk stored locally: /root/zkml_test/BHExecutionNode/meta/FakeSign-1735106841/1/node_0/2-chunk.json
[2024-12-25 06:09:38] [STORAGE] [BHExecutionNode] EC Decoder decode data success...
[2024-12-25 06:09:38] [STORAGE] [BHExecutionNode] finish replicate the data from Task FakeSign-1735106841 Slot 1
[2024-12-25 06:09:43] [ERROR] [BHExecutionNode] faild to commit slot because of <_InactiveRpcError of RPC that terminated with:
	status = StatusCode.DEADLINE_EXCEEDED
	details = "Deadline Exceeded"
	debug_error_string = "UNKNOWN:Deadline Exceeded {grpc_status:4, created_time:"2024-12-25T06:09:43.924530324+00:00"}"
>
