[2024-12-29 05:22:55] [INFO] [BHExecutionNode] Init Storager from config, storage_path: /root/zkml_test/BHExecutionNode/meta
[2024-12-29 05:22:55] [WARNING] [BHExecutionNode] 127.0.0.1:1235 can not ping,try again!
[2024-12-29 05:22:55] [INFO] [BHExecutionNode] Init Processor with model from /root/zkml_test/BHExecutionNode/model
[2024-12-29 05:23:15] [INFO] [BHExecutionNode] Model successfully loaded from: /root/zkml_test/BHExecutionNode/model/CTGAN/test
[2024-12-29 05:23:21] [EXECUTION] [BHExecutionNode] Receive New Task, Sign: FakeSign-1735449800, Slot: 0
[2024-12-29 05:23:21] [EXECUTION] [BHExecutionNode] Receive Unprocessed Slot, Sign: FakeSign-1735449800, Slot: 0
[2024-12-29 05:23:31] [INFO] [BHExecutionNode] CTGAN_Model_Instance generated output, size: 10
[2024-12-29 05:23:31] [INFO] [BHExecutionNode] EC Encoder encode dataframe to encoded chunks, len(dataframe)=10, len(data_chunks)=6, len(encoded_chunks)=9, padding_size=2
[2024-12-29 05:23:32] [STORAGE] [BHExecutionNode] Chunk stored locally: /root/zkml_test/BHExecutionNode/meta/FakeSign-1735449800/0/node_0/4-chunk.json
[2024-12-29 05:23:32] [STORAGE] [BHExecutionNode] EC Decoder decode data success...
[2024-12-29 05:23:32] [STORAGE] [BHExecutionNode] finish replicate the data from Task FakeSign-1735449800 Slot 0
[2024-12-29 05:24:21] [EXECUTION] [BHExecutionNode] Receive New Task, Sign: FakeSign-1735449859, Slot: 0
[2024-12-29 05:24:21] [EXECUTION] [BHExecutionNode] Receive Unprocessed Slot, Sign: FakeSign-1735449859, Slot: 0
[2024-12-29 05:24:31] [INFO] [BHExecutionNode] CTGAN_Model_Instance generated output, size: 10
[2024-12-29 05:24:32] [INFO] [BHExecutionNode] EC Encoder encode dataframe to encoded chunks, len(dataframe)=10, len(data_chunks)=6, len(encoded_chunks)=9, padding_size=5
[2024-12-29 05:24:32] [STORAGE] [BHExecutionNode] Chunk stored locally: /root/zkml_test/BHExecutionNode/meta/FakeSign-1735449859/0/node_0/1-chunk.json
[2024-12-29 05:24:32] [STORAGE] [BHExecutionNode] EC Decoder decode data success...
[2024-12-29 05:24:32] [STORAGE] [BHExecutionNode] finish replicate the data from Task FakeSign-1735449859 Slot 0
[2024-12-29 05:24:40] [EXECUTION] [BHExecutionNode] Receive Unprocessed Slot, Sign: FakeSign-1735449859, Slot: 1
[2024-12-29 05:24:54] [INFO] [BHExecutionNode] CTGAN_Model_Instance generated output, size: 10
[2024-12-29 05:24:54] [INFO] [BHExecutionNode] EC Encoder encode dataframe to encoded chunks, len(dataframe)=10, len(data_chunks)=6, len(encoded_chunks)=9, padding_size=4
[2024-12-29 05:24:54] [STORAGE] [BHExecutionNode] Chunk stored locally: /root/zkml_test/BHExecutionNode/meta/FakeSign-1735449859/1/node_0/1-chunk.json
[2024-12-29 05:24:54] [STORAGE] [BHExecutionNode] EC Decoder decode data success...
[2024-12-29 05:24:54] [STORAGE] [BHExecutionNode] finish replicate the data from Task FakeSign-1735449859 Slot 1
[2024-12-29 05:25:00] [EXECUTION] [BHExecutionNode] Receive Unprocessed Slot, Sign: FakeSign-1735449859, Slot: 2
[2024-12-29 05:25:12] [INFO] [BHExecutionNode] CTGAN_Model_Instance generated output, size: 10
[2024-12-29 05:25:12] [INFO] [BHExecutionNode] EC Encoder encode dataframe to encoded chunks, len(dataframe)=10, len(data_chunks)=6, len(encoded_chunks)=9, padding_size=3
[2024-12-29 05:25:12] [STORAGE] [BHExecutionNode] Chunk stored locally: /root/zkml_test/BHExecutionNode/meta/FakeSign-1735449859/2/node_0/8-chunk.json
[2024-12-29 05:25:13] [STORAGE] [BHExecutionNode] EC Decoder decode data success...
[2024-12-29 05:25:13] [STORAGE] [BHExecutionNode] finish replicate the data from Task FakeSign-1735449859 Slot 2
