[2024-12-24 09:28:12] [INFO] [BHExecutionNode] Init Storager from config, storage_path: /root/zkml_test/BHExecutionNode/meta
[2024-12-24 09:28:12] [INFO] [BHExecutionNode] BHExecutionNode load config...
[2024-12-24 09:28:12] [INFO] [BHExecutionNode] BHExecution Node Start...
[2024-12-24 09:28:12] [ERROR] [BHExecutionNode] 127.0.0.1:1235 can not ping,try again!
[2024-12-24 09:28:17] [INFO] [BHExecutionNode] Init Processor with model ctgan from /root/zkml_test/BHExecutionNode/model
[2024-12-24 09:28:27] [INFO] [BHExecutionNode] Model successfully loaded from: /root/zkml_test/BHExecutionNode/model/ctgan/test
[2024-12-24 09:28:29] [INFO] [BHExecutionNode] CTGAN_Model_Instance generated output, size: 50
[2024-12-24 09:28:29] [EXECUTION] [BHExecutionNode] Generate output with model ctgan, sample size: 50, output size: 50
[2024-12-24 09:28:29] [EXECUTION] [BHExecutionNode] process Task FakeSign-1735032497 Slot 0 finished
[2024-12-24 09:28:29] [INFO] [BHExecutionNode] EC Encoder encode dataframe to encoded chunks, len(dataframe)=50, len(data_chunks)=6, len(encoded_chunks)=9, padding_size=5
[2024-12-24 09:28:29] [STORAGE] [BHExecutionNode] Chunk stored locally: /root/zkml_test/BHExecutionNode/meta/FakeSign-1735032497/0/node_0/2-chunk.json
[2024-12-24 09:28:30] [STORAGE] [BHExecutionNode] EC Decoder decode data success...
[2024-12-24 09:28:30] [STORAGE] [BHExecutionNode] finish replicate the data from Task FakeSign-1735032497 Slot 0
[2024-12-24 09:28:39] [INFO] [BHExecutionNode] CTGAN_Model_Instance generated output, size: 50
[2024-12-24 09:28:39] [EXECUTION] [BHExecutionNode] Generate output with model ctgan, sample size: 50, output size: 50
[2024-12-24 09:28:39] [EXECUTION] [BHExecutionNode] process Task FakeSign-1735032497 Slot 1 finished
[2024-12-24 09:28:39] [INFO] [BHExecutionNode] EC Encoder encode dataframe to encoded chunks, len(dataframe)=50, len(data_chunks)=6, len(encoded_chunks)=9, padding_size=1
[2024-12-24 09:28:39] [STORAGE] [BHExecutionNode] Chunk stored locally: /root/zkml_test/BHExecutionNode/meta/FakeSign-1735032497/1/node_0/4-chunk.json
[2024-12-24 09:28:40] [STORAGE] [BHExecutionNode] EC Decoder decode data success...
[2024-12-24 09:28:40] [STORAGE] [BHExecutionNode] finish replicate the data from Task FakeSign-1735032497 Slot 1
