[2024-12-24 09:12:45] [INFO] [BHExecutionNode] Init Storager from config, storage_path: /root/zkml_test/BHExecutionNode/meta
[2024-12-24 09:12:45] [INFO] [BHExecutionNode] BHExecutionNode load config...
[2024-12-24 09:12:45] [INFO] [BHExecutionNode] BHExecution Node Start...
[2024-12-24 09:12:45] [ERROR] [BHExecutionNode] 127.0.0.1:1235 can not ping,try again!
[2024-12-24 09:12:46] [INFO] [BHExecutionNode] Init Processor with model ctgan from /root/zkml_test/BHExecutionNode/model
[2024-12-24 09:12:58] [INFO] [BHExecutionNode] Model successfully loaded from: /root/zkml_test/BHExecutionNode/model/ctgan/test
[2024-12-24 09:13:00] [INFO] [BHExecutionNode] CTGAN_Model_Instance generated output, size: 50
[2024-12-24 09:13:00] [EXECUTION] [BHExecutionNode] Generate output with model ctgan, sample size: 50, output size: 50
[2024-12-24 09:13:00] [EXECUTION] [BHExecutionNode] process Task FakeSign-1735031566 Slot 0 finished
[2024-12-24 09:13:00] [INFO] [BHExecutionNode] EC Encoder encode dataframe to encoded chunks, len(dataframe)=50, len(data_chunks)=6, len(encoded_chunks)=9, padding_size=0
[2024-12-24 09:13:00] [STORAGE] [BHExecutionNode] Chunk stored locally: /root/zkml_test/BHExecutionNode/meta/FakeSign-1735031566/0/node_0/5-chunk.json
[2024-12-24 09:13:01] [STORAGE] [BHExecutionNode] EC Decoder decode data success...
[2024-12-24 09:13:01] [STORAGE] [BHExecutionNode] finish replicate the data from Task FakeSign-1735031566 Slot 0
[2024-12-24 09:13:08] [INFO] [BHExecutionNode] CTGAN_Model_Instance generated output, size: 50
[2024-12-24 09:13:08] [EXECUTION] [BHExecutionNode] Generate output with model ctgan, sample size: 50, output size: 50
[2024-12-24 09:13:08] [EXECUTION] [BHExecutionNode] process Task FakeSign-1735031566 Slot 1 finished
[2024-12-24 09:13:08] [INFO] [BHExecutionNode] EC Encoder encode dataframe to encoded chunks, len(dataframe)=50, len(data_chunks)=6, len(encoded_chunks)=9, padding_size=3
[2024-12-24 09:13:08] [STORAGE] [BHExecutionNode] Chunk stored locally: /root/zkml_test/BHExecutionNode/meta/FakeSign-1735031566/1/node_0/3-chunk.json
[2024-12-24 09:13:08] [STORAGE] [BHExecutionNode] EC Decoder decode data success...
[2024-12-24 09:13:08] [STORAGE] [BHExecutionNode] finish replicate the data from Task FakeSign-1735031566 Slot 1
[2024-12-24 09:13:08] [ERROR] [BHExecutionNode] 127.0.0.1:1235 can not ping,try again!
[2024-12-24 09:13:13] [ERROR] [BHExecutionNode] faild to commit slot because of <_InactiveRpcError of RPC that terminated with:
	status = StatusCode.DEADLINE_EXCEEDED
	details = "Deadline Exceeded"
	debug_error_string = "UNKNOWN:Deadline Exceeded {created_time:"2024-12-24T09:13:13.257487457+00:00", grpc_status:4}"
>
[2024-12-24 09:13:18] [ERROR] [BHExecutionNode] 127.0.0.1:1235 can not ping,try again!
