[2024-12-25 07:26:10] [INFO] [BHExecutionNode] Init Storager from config, storage_path: /root/zkml_test/BHExecutionNode/meta
[2024-12-25 07:26:10] [INFO] [BHExecutionNode] BHExecutionNode load config...
[2024-12-25 07:26:10] [INFO] [BHExecutionNode] BHExecution Node Start...
[2024-12-25 07:26:11] [WARNING] [BHExecutionNode] 127.0.0.1:1235 can not ping,try again!
[2024-12-25 07:26:16] [INFO] [BHExecutionNode] Init Processor with model ctgan from /root/zkml_test/BHExecutionNode/model
[2024-12-25 07:26:24] [INFO] [BHExecutionNode] Model successfully loaded from: /root/zkml_test/BHExecutionNode/model/ctgan/test
[2024-12-25 07:26:25] [INFO] [BHExecutionNode] CTGAN_Model_Instance generated output, size: 50
[2024-12-25 07:26:25] [EXECUTION] [BHExecutionNode] Generate output with model ctgan, sample size: 50, output size: 50
[2024-12-25 07:26:25] [EXECUTION] [BHExecutionNode] process Task FakeSign-1735111576 Slot 0 finished
[2024-12-25 07:26:25] [INFO] [BHExecutionNode] EC Encoder encode dataframe to encoded chunks, len(dataframe)=50, len(data_chunks)=6, len(encoded_chunks)=9, padding_size=5
[2024-12-25 07:26:25] [STORAGE] [BHExecutionNode] Chunk stored locally: /root/zkml_test/BHExecutionNode/meta/FakeSign-1735111576/0/node_0/7-chunk.json
[2024-12-25 07:26:25] [STORAGE] [BHExecutionNode] EC Decoder decode data success...
[2024-12-25 07:26:25] [STORAGE] [BHExecutionNode] finish replicate the data from Task FakeSign-1735111576 Slot 0
[2024-12-25 07:26:37] [INFO] [BHExecutionNode] CTGAN_Model_Instance generated output, size: 50
[2024-12-25 07:26:37] [EXECUTION] [BHExecutionNode] Generate output with model ctgan, sample size: 50, output size: 50
[2024-12-25 07:26:37] [EXECUTION] [BHExecutionNode] process Task FakeSign-1735111576 Slot 1 finished
[2024-12-25 07:26:37] [INFO] [BHExecutionNode] EC Encoder encode dataframe to encoded chunks, len(dataframe)=50, len(data_chunks)=6, len(encoded_chunks)=9, padding_size=0
[2024-12-25 07:26:37] [STORAGE] [BHExecutionNode] Chunk stored locally: /root/zkml_test/BHExecutionNode/meta/FakeSign-1735111576/1/node_0/2-chunk.json
[2024-12-25 07:26:37] [STORAGE] [BHExecutionNode] EC Decoder decode data success...
[2024-12-25 07:26:37] [STORAGE] [BHExecutionNode] finish replicate the data from Task FakeSign-1735111576 Slot 1
[2024-12-25 07:26:58] [INFO] [BHExecutionNode] CTGAN_Model_Instance generated output, size: 50
[2024-12-25 07:26:58] [EXECUTION] [BHExecutionNode] Generate output with model ctgan, sample size: 50, output size: 50
[2024-12-25 07:26:58] [EXECUTION] [BHExecutionNode] process Task FakeSign-1735111576 Slot 2 finished
[2024-12-25 07:26:58] [INFO] [BHExecutionNode] EC Encoder encode dataframe to encoded chunks, len(dataframe)=50, len(data_chunks)=6, len(encoded_chunks)=9, padding_size=1
[2024-12-25 07:26:58] [STORAGE] [BHExecutionNode] Chunk stored locally: /root/zkml_test/BHExecutionNode/meta/FakeSign-1735111576/2/node_0/2-chunk.json
[2024-12-25 07:26:59] [STORAGE] [BHExecutionNode] EC Decoder decode data success...
[2024-12-25 07:26:59] [STORAGE] [BHExecutionNode] finish replicate the data from Task FakeSign-1735111576 Slot 2
[2024-12-25 07:27:17] [INFO] [BHExecutionNode] CTGAN_Model_Instance generated output, size: 50
[2024-12-25 07:27:17] [EXECUTION] [BHExecutionNode] Generate output with model ctgan, sample size: 50, output size: 50
[2024-12-25 07:27:17] [EXECUTION] [BHExecutionNode] process Task FakeSign-1735111576 Slot 3 finished
[2024-12-25 07:27:17] [INFO] [BHExecutionNode] EC Encoder encode dataframe to encoded chunks, len(dataframe)=50, len(data_chunks)=6, len(encoded_chunks)=9, padding_size=5
[2024-12-25 07:27:18] [STORAGE] [BHExecutionNode] Chunk stored locally: /root/zkml_test/BHExecutionNode/meta/FakeSign-1735111576/3/node_0/2-chunk.json
[2024-12-25 07:27:18] [STORAGE] [BHExecutionNode] EC Decoder decode data success...
[2024-12-25 07:27:18] [STORAGE] [BHExecutionNode] finish replicate the data from Task FakeSign-1735111576 Slot 3
