[2024-12-25 06:01:12] [INFO] [BHExecutionNode] Init Storager from config, storage_path: /root/zkml_test/BHExecutionNode/meta
[2024-12-25 06:01:12] [INFO] [BHExecutionNode] BHExecutionNode load config...
[2024-12-25 06:01:12] [INFO] [BHExecutionNode] BHExecution Node Start...
[2024-12-25 06:01:12] [WARNING] [BHExecutionNode] 127.0.0.1:1235 can not ping,try again!
[2024-12-25 06:01:16] [INFO] [BHExecutionNode] Init Processor with model ctgan from /root/zkml_test/BHExecutionNode/model
[2024-12-25 06:01:24] [INFO] [BHExecutionNode] Model successfully loaded from: /root/zkml_test/BHExecutionNode/model/ctgan/test
[2024-12-25 06:01:25] [INFO] [BHExecutionNode] CTGAN_Model_Instance generated output, size: 50
[2024-12-25 06:01:25] [EXECUTION] [BHExecutionNode] Generate output with model ctgan, sample size: 50, output size: 50
[2024-12-25 06:01:25] [EXECUTION] [BHExecutionNode] process Task FakeSign-1735106476 Slot 0 finished
[2024-12-25 06:01:25] [INFO] [BHExecutionNode] EC Encoder encode dataframe to encoded chunks, len(dataframe)=50, len(data_chunks)=6, len(encoded_chunks)=9, padding_size=2
[2024-12-25 06:01:25] [STORAGE] [BHExecutionNode] Chunk stored locally: /root/zkml_test/BHExecutionNode/meta/FakeSign-1735106476/0/node_0/2-chunk.json
[2024-12-25 06:01:25] [STORAGE] [BHExecutionNode] EC Decoder decode data success...
[2024-12-25 06:01:25] [STORAGE] [BHExecutionNode] finish replicate the data from Task FakeSign-1735106476 Slot 0
[2024-12-25 06:01:38] [INFO] [BHExecutionNode] CTGAN_Model_Instance generated output, size: 50
[2024-12-25 06:01:38] [EXECUTION] [BHExecutionNode] Generate output with model ctgan, sample size: 50, output size: 50
[2024-12-25 06:01:38] [EXECUTION] [BHExecutionNode] process Task FakeSign-1735106476 Slot 1 finished
[2024-12-25 06:01:38] [INFO] [BHExecutionNode] EC Encoder encode dataframe to encoded chunks, len(dataframe)=50, len(data_chunks)=6, len(encoded_chunks)=9, padding_size=3
[2024-12-25 06:01:38] [STORAGE] [BHExecutionNode] Chunk stored locally: /root/zkml_test/BHExecutionNode/meta/FakeSign-1735106476/1/node_0/4-chunk.json
[2024-12-25 06:01:38] [STORAGE] [BHExecutionNode] EC Decoder decode data success...
[2024-12-25 06:01:38] [STORAGE] [BHExecutionNode] finish replicate the data from Task FakeSign-1735106476 Slot 1
[2024-12-25 06:01:58] [INFO] [BHExecutionNode] CTGAN_Model_Instance generated output, size: 50
[2024-12-25 06:01:58] [EXECUTION] [BHExecutionNode] Generate output with model ctgan, sample size: 50, output size: 50
[2024-12-25 06:01:58] [EXECUTION] [BHExecutionNode] process Task FakeSign-1735106476 Slot 2 finished
[2024-12-25 06:01:58] [INFO] [BHExecutionNode] EC Encoder encode dataframe to encoded chunks, len(dataframe)=50, len(data_chunks)=6, len(encoded_chunks)=9, padding_size=5
[2024-12-25 06:01:58] [STORAGE] [BHExecutionNode] Chunk stored locally: /root/zkml_test/BHExecutionNode/meta/FakeSign-1735106476/2/node_0/5-chunk.json
[2024-12-25 06:01:58] [STORAGE] [BHExecutionNode] EC Decoder decode data success...
[2024-12-25 06:01:58] [STORAGE] [BHExecutionNode] finish replicate the data from Task FakeSign-1735106476 Slot 2
[2024-12-25 06:02:17] [INFO] [BHExecutionNode] CTGAN_Model_Instance generated output, size: 50
[2024-12-25 06:02:17] [EXECUTION] [BHExecutionNode] Generate output with model ctgan, sample size: 50, output size: 50
[2024-12-25 06:02:17] [EXECUTION] [BHExecutionNode] process Task FakeSign-1735106476 Slot 3 finished
[2024-12-25 06:02:17] [INFO] [BHExecutionNode] EC Encoder encode dataframe to encoded chunks, len(dataframe)=50, len(data_chunks)=6, len(encoded_chunks)=9, padding_size=3
[2024-12-25 06:02:17] [STORAGE] [BHExecutionNode] Chunk stored locally: /root/zkml_test/BHExecutionNode/meta/FakeSign-1735106476/3/node_0/3-chunk.json
[2024-12-25 06:02:18] [STORAGE] [BHExecutionNode] EC Decoder decode data success...
[2024-12-25 06:02:18] [STORAGE] [BHExecutionNode] finish replicate the data from Task FakeSign-1735106476 Slot 3
[2024-12-25 06:02:37] [INFO] [BHExecutionNode] CTGAN_Model_Instance generated output, size: 50
[2024-12-25 06:02:37] [EXECUTION] [BHExecutionNode] Generate output with model ctgan, sample size: 50, output size: 50
[2024-12-25 06:02:37] [EXECUTION] [BHExecutionNode] process Task FakeSign-1735106476 Slot 4 finished
[2024-12-25 06:02:38] [INFO] [BHExecutionNode] EC Encoder encode dataframe to encoded chunks, len(dataframe)=50, len(data_chunks)=6, len(encoded_chunks)=9, padding_size=4
[2024-12-25 06:02:38] [STORAGE] [BHExecutionNode] Chunk stored locally: /root/zkml_test/BHExecutionNode/meta/FakeSign-1735106476/4/node_0/3-chunk.json
[2024-12-25 06:02:38] [STORAGE] [BHExecutionNode] EC Decoder decode data success...
[2024-12-25 06:02:38] [STORAGE] [BHExecutionNode] finish replicate the data from Task FakeSign-1735106476 Slot 4
[2024-12-25 06:02:58] [INFO] [BHExecutionNode] CTGAN_Model_Instance generated output, size: 50
[2024-12-25 06:02:58] [EXECUTION] [BHExecutionNode] Generate output with model ctgan, sample size: 50, output size: 50
[2024-12-25 06:02:58] [EXECUTION] [BHExecutionNode] process Task FakeSign-1735106476 Slot 5 finished
[2024-12-25 06:02:58] [INFO] [BHExecutionNode] EC Encoder encode dataframe to encoded chunks, len(dataframe)=50, len(data_chunks)=6, len(encoded_chunks)=9, padding_size=5
[2024-12-25 06:02:58] [STORAGE] [BHExecutionNode] Chunk stored locally: /root/zkml_test/BHExecutionNode/meta/FakeSign-1735106476/5/node_0/2-chunk.json
[2024-12-25 06:02:58] [STORAGE] [BHExecutionNode] EC Decoder decode data success...
[2024-12-25 06:02:58] [STORAGE] [BHExecutionNode] finish replicate the data from Task FakeSign-1735106476 Slot 5
[2024-12-25 06:03:18] [INFO] [BHExecutionNode] CTGAN_Model_Instance generated output, size: 50
[2024-12-25 06:03:18] [EXECUTION] [BHExecutionNode] Generate output with model ctgan, sample size: 50, output size: 50
[2024-12-25 06:03:18] [EXECUTION] [BHExecutionNode] process Task FakeSign-1735106476 Slot 6 finished
[2024-12-25 06:03:18] [INFO] [BHExecutionNode] EC Encoder encode dataframe to encoded chunks, len(dataframe)=50, len(data_chunks)=6, len(encoded_chunks)=9, padding_size=4
[2024-12-25 06:03:18] [STORAGE] [BHExecutionNode] Chunk stored locally: /root/zkml_test/BHExecutionNode/meta/FakeSign-1735106476/6/node_0/0-chunk.json
[2024-12-25 06:03:18] [STORAGE] [BHExecutionNode] EC Decoder decode data success...
[2024-12-25 06:03:18] [STORAGE] [BHExecutionNode] finish replicate the data from Task FakeSign-1735106476 Slot 6
[2024-12-25 06:03:37] [INFO] [BHExecutionNode] CTGAN_Model_Instance generated output, size: 50
[2024-12-25 06:03:37] [EXECUTION] [BHExecutionNode] Generate output with model ctgan, sample size: 50, output size: 50
[2024-12-25 06:03:37] [EXECUTION] [BHExecutionNode] process Task FakeSign-1735106476 Slot 7 finished
[2024-12-25 06:03:37] [INFO] [BHExecutionNode] EC Encoder encode dataframe to encoded chunks, len(dataframe)=50, len(data_chunks)=6, len(encoded_chunks)=9, padding_size=0
[2024-12-25 06:03:37] [STORAGE] [BHExecutionNode] Chunk stored locally: /root/zkml_test/BHExecutionNode/meta/FakeSign-1735106476/7/node_0/8-chunk.json
[2024-12-25 06:03:37] [STORAGE] [BHExecutionNode] EC Decoder decode data success...
[2024-12-25 06:03:37] [STORAGE] [BHExecutionNode] finish replicate the data from Task FakeSign-1735106476 Slot 7
[2024-12-25 06:03:59] [INFO] [BHExecutionNode] CTGAN_Model_Instance generated output, size: 50
[2024-12-25 06:03:59] [EXECUTION] [BHExecutionNode] Generate output with model ctgan, sample size: 50, output size: 50
[2024-12-25 06:03:59] [EXECUTION] [BHExecutionNode] process Task FakeSign-1735106476 Slot 8 finished
[2024-12-25 06:03:59] [INFO] [BHExecutionNode] EC Encoder encode dataframe to encoded chunks, len(dataframe)=50, len(data_chunks)=6, len(encoded_chunks)=9, padding_size=4
[2024-12-25 06:03:59] [STORAGE] [BHExecutionNode] Chunk stored locally: /root/zkml_test/BHExecutionNode/meta/FakeSign-1735106476/8/node_0/2-chunk.json
[2024-12-25 06:03:59] [STORAGE] [BHExecutionNode] EC Decoder decode data success...
[2024-12-25 06:03:59] [STORAGE] [BHExecutionNode] finish replicate the data from Task FakeSign-1735106476 Slot 8
[2024-12-25 06:04:18] [INFO] [BHExecutionNode] CTGAN_Model_Instance generated output, size: 50
[2024-12-25 06:04:18] [EXECUTION] [BHExecutionNode] Generate output with model ctgan, sample size: 50, output size: 50
[2024-12-25 06:04:18] [EXECUTION] [BHExecutionNode] process Task FakeSign-1735106476 Slot 9 finished
[2024-12-25 06:04:18] [INFO] [BHExecutionNode] EC Encoder encode dataframe to encoded chunks, len(dataframe)=50, len(data_chunks)=6, len(encoded_chunks)=9, padding_size=1
[2024-12-25 06:04:18] [STORAGE] [BHExecutionNode] Chunk stored locally: /root/zkml_test/BHExecutionNode/meta/FakeSign-1735106476/9/node_0/5-chunk.json
[2024-12-25 06:04:18] [STORAGE] [BHExecutionNode] EC Decoder decode data success...
[2024-12-25 06:04:18] [STORAGE] [BHExecutionNode] finish replicate the data from Task FakeSign-1735106476 Slot 9
