[2024-12-24 11:08:26] [INFO] [BHExecutionNode] Init Storager from config, storage_path: /root/zkml_test/BHExecutionNode/meta
[2024-12-24 11:08:26] [INFO] [BHExecutionNode] BHExecutionNode load config...
[2024-12-24 11:08:26] [INFO] [BHExecutionNode] BHExecution Node Start...
[2024-12-24 11:08:26] [ERROR] [BHExecutionNode] 127.0.0.1:1235 can not ping,try again!
[2024-12-24 11:22:36] [INFO] [BHExecutionNode] Init Processor with model ctgan from /root/zkml_test/BHExecutionNode/model
[2024-12-24 11:22:44] [INFO] [BHExecutionNode] Model successfully loaded from: /root/zkml_test/BHExecutionNode/model/ctgan/test
[2024-12-24 11:22:46] [INFO] [BHExecutionNode] CTGAN_Model_Instance generated output, size: 50
[2024-12-24 11:22:46] [EXECUTION] [BHExecutionNode] Generate output with model ctgan, sample size: 50, output size: 50
[2024-12-24 11:22:46] [EXECUTION] [BHExecutionNode] process Task FakeSign-1735039356 Slot 0 finished
[2024-12-24 11:22:46] [INFO] [BHExecutionNode] EC Encoder encode dataframe to encoded chunks, len(dataframe)=50, len(data_chunks)=6, len(encoded_chunks)=9, padding_size=3
[2024-12-24 11:22:46] [STORAGE] [BHExecutionNode] Chunk stored locally: /root/zkml_test/BHExecutionNode/meta/FakeSign-1735039356/0/node_0/8-chunk.json
[2024-12-24 11:22:46] [STORAGE] [BHExecutionNode] EC Decoder decode data success...
[2024-12-24 11:22:46] [STORAGE] [BHExecutionNode] finish replicate the data from Task FakeSign-1735039356 Slot 0
[2024-12-24 11:22:51] [ERROR] [BHExecutionNode] faild to commit slot because of <_InactiveRpcError of RPC that terminated with:
	status = StatusCode.DEADLINE_EXCEEDED
	details = "Deadline Exceeded"
	debug_error_string = "UNKNOWN:Deadline Exceeded {grpc_status:4, created_time:"2024-12-24T11:22:51.578550565+00:00"}"
>
[2024-12-24 11:22:58] [INFO] [BHExecutionNode] CTGAN_Model_Instance generated output, size: 50
[2024-12-24 11:22:58] [EXECUTION] [BHExecutionNode] Generate output with model ctgan, sample size: 50, output size: 50
[2024-12-24 11:22:58] [EXECUTION] [BHExecutionNode] process Task FakeSign-1735039356 Slot 1 finished
[2024-12-24 11:22:58] [INFO] [BHExecutionNode] EC Encoder encode dataframe to encoded chunks, len(dataframe)=50, len(data_chunks)=6, len(encoded_chunks)=9, padding_size=3
[2024-12-24 11:22:58] [STORAGE] [BHExecutionNode] Chunk stored locally: /root/zkml_test/BHExecutionNode/meta/FakeSign-1735039356/1/node_0/8-chunk.json
[2024-12-24 11:22:58] [STORAGE] [BHExecutionNode] EC Decoder decode data success...
[2024-12-24 11:22:58] [STORAGE] [BHExecutionNode] finish replicate the data from Task FakeSign-1735039356 Slot 1
[2024-12-24 11:23:03] [ERROR] [BHExecutionNode] faild to commit slot because of <_InactiveRpcError of RPC that terminated with:
	status = StatusCode.DEADLINE_EXCEEDED
	details = "Deadline Exceeded"
	debug_error_string = "UNKNOWN:Deadline Exceeded {grpc_status:4, created_time:"2024-12-24T11:23:03.415552175+00:00"}"
>
[2024-12-24 11:23:18] [INFO] [BHExecutionNode] CTGAN_Model_Instance generated output, size: 50
[2024-12-24 11:23:18] [EXECUTION] [BHExecutionNode] Generate output with model ctgan, sample size: 50, output size: 50
[2024-12-24 11:23:18] [EXECUTION] [BHExecutionNode] process Task FakeSign-1735039356 Slot 2 finished
[2024-12-24 11:23:18] [INFO] [BHExecutionNode] EC Encoder encode dataframe to encoded chunks, len(dataframe)=50, len(data_chunks)=6, len(encoded_chunks)=9, padding_size=4
[2024-12-24 11:23:18] [STORAGE] [BHExecutionNode] Chunk stored locally: /root/zkml_test/BHExecutionNode/meta/FakeSign-1735039356/2/node_0/3-chunk.json
[2024-12-24 11:23:18] [STORAGE] [BHExecutionNode] EC Decoder decode data success...
[2024-12-24 11:23:18] [STORAGE] [BHExecutionNode] finish replicate the data from Task FakeSign-1735039356 Slot 2
[2024-12-24 11:23:23] [ERROR] [BHExecutionNode] faild to commit slot because of <_InactiveRpcError of RPC that terminated with:
	status = StatusCode.DEADLINE_EXCEEDED
	details = "Deadline Exceeded"
	debug_error_string = "UNKNOWN:Deadline Exceeded {created_time:"2024-12-24T11:23:23.407529591+00:00", grpc_status:4}"
>
[2024-12-24 11:23:38] [INFO] [BHExecutionNode] CTGAN_Model_Instance generated output, size: 50
[2024-12-24 11:23:38] [EXECUTION] [BHExecutionNode] Generate output with model ctgan, sample size: 50, output size: 50
[2024-12-24 11:23:38] [EXECUTION] [BHExecutionNode] process Task FakeSign-1735039356 Slot 3 finished
[2024-12-24 11:23:38] [INFO] [BHExecutionNode] EC Encoder encode dataframe to encoded chunks, len(dataframe)=50, len(data_chunks)=6, len(encoded_chunks)=9, padding_size=2
[2024-12-24 11:23:38] [STORAGE] [BHExecutionNode] Chunk stored locally: /root/zkml_test/BHExecutionNode/meta/FakeSign-1735039356/3/node_0/8-chunk.json
[2024-12-24 11:23:38] [STORAGE] [BHExecutionNode] EC Decoder decode data success...
[2024-12-24 11:23:38] [STORAGE] [BHExecutionNode] finish replicate the data from Task FakeSign-1735039356 Slot 3
[2024-12-24 11:23:58] [INFO] [BHExecutionNode] CTGAN_Model_Instance generated output, size: 50
[2024-12-24 11:23:58] [EXECUTION] [BHExecutionNode] Generate output with model ctgan, sample size: 50, output size: 50
[2024-12-24 11:23:58] [EXECUTION] [BHExecutionNode] process Task FakeSign-1735039356 Slot 4 finished
[2024-12-24 11:23:58] [INFO] [BHExecutionNode] EC Encoder encode dataframe to encoded chunks, len(dataframe)=50, len(data_chunks)=6, len(encoded_chunks)=9, padding_size=2
[2024-12-24 11:23:58] [STORAGE] [BHExecutionNode] Chunk stored locally: /root/zkml_test/BHExecutionNode/meta/FakeSign-1735039356/4/node_0/1-chunk.json
[2024-12-24 11:23:58] [STORAGE] [BHExecutionNode] EC Decoder decode data success...
[2024-12-24 11:23:58] [STORAGE] [BHExecutionNode] finish replicate the data from Task FakeSign-1735039356 Slot 4
