nohup: 忽略输入
<frozen importlib._bootstrap>:219: RuntimeWarning: scipy._lib.messagestream.MessageStream size changed, may indicate binary incompatibility. Expected 56 from C header, got 64 from PyObject
data: Data(x=[185027, 17], y=[185027], val_pos_edge_index=[2, 500], test_pos_edge_index=[2, 1001], train_pos_edge_index=[2, 17024], train_neg_adj_mask=[185027, 185027], val_neg_edge_index=[2, 500], test_neg_edge_index=[2, 1001])
Epoch: 001, AUC: 0.4620, AP: 0.4834
Epoch: 002, AUC: 0.4626, AP: 0.4844
Epoch: 003, AUC: 0.4632, AP: 0.4854
Epoch: 004, AUC: 0.4637, AP: 0.4860
Epoch: 005, AUC: 0.4644, AP: 0.4867
Epoch: 006, AUC: 0.4650, AP: 0.4873
Epoch: 007, AUC: 0.4655, AP: 0.4880
Epoch: 008, AUC: 0.4659, AP: 0.4884
Epoch: 009, AUC: 0.4662, AP: 0.4890
Epoch: 010, AUC: 0.4667, AP: 0.4896
Epoch: 011, AUC: 0.4670, AP: 0.4905
Epoch: 012, AUC: 0.4674, AP: 0.4912
Epoch: 013, AUC: 0.4677, AP: 0.4914
Epoch: 014, AUC: 0.4681, AP: 0.4919
Epoch: 015, AUC: 0.4684, AP: 0.4925
Epoch: 016, AUC: 0.4687, AP: 0.4937
Epoch: 017, AUC: 0.4691, AP: 0.4942
Epoch: 018, AUC: 0.4695, AP: 0.4949
Epoch: 019, AUC: 0.4697, AP: 0.4954
Epoch: 020, AUC: 0.4701, AP: 0.4960
Epoch: 021, AUC: 0.4703, AP: 0.4965
Epoch: 022, AUC: 0.4707, AP: 0.4972
Epoch: 023, AUC: 0.4710, AP: 0.4978
Epoch: 024, AUC: 0.4714, AP: 0.4983
Epoch: 025, AUC: 0.4717, AP: 0.4986
Epoch: 026, AUC: 0.4721, AP: 0.4994
Epoch: 027, AUC: 0.4725, AP: 0.5000
Epoch: 028, AUC: 0.4729, AP: 0.5007
Epoch: 029, AUC: 0.4733, AP: 0.5013
Epoch: 030, AUC: 0.4736, AP: 0.5019
Epoch: 031, AUC: 0.4740, AP: 0.5024
Epoch: 032, AUC: 0.4744, AP: 0.5030
Epoch: 033, AUC: 0.4747, AP: 0.5036
Epoch: 034, AUC: 0.4751, AP: 0.5041
Epoch: 035, AUC: 0.4755, AP: 0.5047
Epoch: 036, AUC: 0.4759, AP: 0.5053
Epoch: 037, AUC: 0.4763, AP: 0.5059
Epoch: 038, AUC: 0.4766, AP: 0.5064
Epoch: 039, AUC: 0.4770, AP: 0.5071
Epoch: 040, AUC: 0.4775, AP: 0.5079
Epoch: 041, AUC: 0.4778, AP: 0.5084
Epoch: 042, AUC: 0.4782, AP: 0.5091
Epoch: 043, AUC: 0.4783, AP: 0.5094
Epoch: 044, AUC: 0.4787, AP: 0.5100
Epoch: 045, AUC: 0.4793, AP: 0.5106
Epoch: 046, AUC: 0.4795, AP: 0.5110
Epoch: 047, AUC: 0.4798, AP: 0.5115
Epoch: 048, AUC: 0.4802, AP: 0.5121
Epoch: 049, AUC: 0.4805, AP: 0.5126
Epoch: 050, AUC: 0.4808, AP: 0.5131
Epoch: 051, AUC: 0.4811, AP: 0.5137
Epoch: 052, AUC: 0.4814, AP: 0.5139
Epoch: 053, AUC: 0.4816, AP: 0.5144
Epoch: 054, AUC: 0.4820, AP: 0.5149
Epoch: 055, AUC: 0.4824, AP: 0.5153
Epoch: 056, AUC: 0.4826, AP: 0.5157
Epoch: 057, AUC: 0.4828, AP: 0.5160
Epoch: 058, AUC: 0.4831, AP: 0.5166
Epoch: 059, AUC: 0.4833, AP: 0.5169
Epoch: 060, AUC: 0.4835, AP: 0.5173
Epoch: 061, AUC: 0.4837, AP: 0.5175
Epoch: 062, AUC: 0.4838, AP: 0.5178
Epoch: 063, AUC: 0.4840, AP: 0.5182
Epoch: 064, AUC: 0.4843, AP: 0.5183
Epoch: 065, AUC: 0.4845, AP: 0.5189
Epoch: 066, AUC: 0.4847, AP: 0.5192
Epoch: 067, AUC: 0.4848, AP: 0.5191
Epoch: 068, AUC: 0.4850, AP: 0.5195
Epoch: 069, AUC: 0.4851, AP: 0.5198
Epoch: 070, AUC: 0.4857, AP: 0.5204
Epoch: 071, AUC: 0.4865, AP: 0.5210
Epoch: 072, AUC: 0.4868, AP: 0.5213
Epoch: 073, AUC: 0.4871, AP: 0.5216
Epoch: 074, AUC: 0.4873, AP: 0.5221
Epoch: 075, AUC: 0.4876, AP: 0.5222
Epoch: 076, AUC: 0.4880, AP: 0.5225
Epoch: 077, AUC: 0.4882, AP: 0.5227
Epoch: 078, AUC: 0.4881, AP: 0.5226
Epoch: 079, AUC: 0.4885, AP: 0.5230
Epoch: 080, AUC: 0.4885, AP: 0.5230
Epoch: 081, AUC: 0.4886, AP: 0.5230
Epoch: 082, AUC: 0.4888, AP: 0.5232
Epoch: 083, AUC: 0.4891, AP: 0.5234
Epoch: 084, AUC: 0.4891, AP: 0.5234
Epoch: 085, AUC: 0.4894, AP: 0.5236
Epoch: 086, AUC: 0.4896, AP: 0.5236
Epoch: 087, AUC: 0.4897, AP: 0.5236
Epoch: 088, AUC: 0.4897, AP: 0.5237
Epoch: 089, AUC: 0.4899, AP: 0.5238
Epoch: 090, AUC: 0.4897, AP: 0.5237
Epoch: 091, AUC: 0.4899, AP: 0.5237
Epoch: 092, AUC: 0.4901, AP: 0.5239
Epoch: 093, AUC: 0.4904, AP: 0.5241
Epoch: 094, AUC: 0.4905, AP: 0.5242
Epoch: 095, AUC: 0.4905, AP: 0.5241
Epoch: 096, AUC: 0.4908, AP: 0.5243
Epoch: 097, AUC: 0.4910, AP: 0.5245
Epoch: 098, AUC: 0.4910, AP: 0.5245
Epoch: 099, AUC: 0.4911, AP: 0.5245
Epoch: 100, AUC: 0.4912, AP: 0.5245
Best AUC: 0.4912235616531321
x: torch.Size([185027, 17])
train_pos_edge_index: torch.Size([2, 17024])
Z: torch.Size([185027, 32])
